{
  "complete": true,
  "declared_console_scripts": 104,
  "declared_data_files": 216,
  "package_modules": 210,
  "problems": [],
  "project": "embedding-optimizer-study",
  "repository_only_provenance_config_references": [
    "configs/dense_no_packing_state_operator_handoff_repairs_amendment.json",
    "configs/dense_no_packing_state_operator_main_recovery_amendment.json",
    "configs/dense_no_packing_state_operator_parent_publication_amendment.json",
    "configs/generated/confirmatory/manifest.json",
    "configs/generated/short-branch/manifest.json"
  ],
  "runtime_config_references": 64,
  "schema_version": 1,
  "sdist": {
    "bytes": 2877346,
    "path": "/tmp/dense-v3-complete-entry-dist.r1edF6fb/dist/embedding_optimizer_study-0.1.0.tar.gz",
    "sha256": "5014471ba959be4df04ab47fb32b873130cdabaa0df3838ca83bfe71a809eafc"
  },
  "transitive_executable_config_references": 50,
  "version": "0.1.0",
  "wheel": {
    "bytes": 2782315,
    "path": "/tmp/dense-v3-complete-entry-dist.r1edF6fb/dist/embedding_optimizer_study-0.1.0-py3-none-any.whl",
    "sha256": "4fc6ad8e83bf9c1e575625a4ea90e834e8cdcec58c85627ecc4e7ecc6bf74013"
  }
}
