{"phase": "original-complete-primary-outcomes", "task_units": 840}
{"phase": "original-and-exact-weight-prediction", "states": 60}
{"phase": "complete-functional-inference", "states_including_reference": 61}
{"phase": "all-post-result-controls", "comparisons": 108}
{"baseline": "B0_original", "conditioned": false, "completed_comparisons": 14}
{"baseline": "B0_original", "conditioned": true, "completed_comparisons": 28}
{"baseline": "B1_raw_rate", "conditioned": false, "completed_comparisons": 42}
{"baseline": "B2_optimizer_stage_rate", "conditioned": false, "completed_comparisons": 56}
{"baseline": "B3_nominal_schedule", "conditioned": false, "completed_comparisons": 70}
{"baseline": "B3_nominal_schedule", "conditioned": true, "completed_comparisons": 84}
{"baseline": "B0_original", "conditioned_on_displacement": false, "completed_comparisons": 4}
{"baseline": "B0_original", "conditioned_on_displacement": true, "completed_comparisons": 8}
{"baseline": "B1_raw_rate", "conditioned_on_displacement": false, "completed_comparisons": 12}
{"baseline": "B2_optimizer_stage_rate", "conditioned_on_displacement": false, "completed_comparisons": 16}
{"baseline": "B3_nominal_schedule", "conditioned_on_displacement": false, "completed_comparisons": 20}
{"baseline": "B3_nominal_schedule", "conditioned_on_displacement": true, "completed_comparisons": 24}
{"phase": "all-sixty-state-empirical-figures"}
Matplotlib is building the font cache; this may take a moment.
{"display_complete": true, "states_per_figure": 60, "output": "/tmp/ci-python-runtime.rXB7OKBE/complete-paper/numerical/primary/reconstructed/figures"}
{"current_primary_graph_reconstructed": true, "completion": {"bytes": 22792, "sha256": "c3934bb0c36a5ff9c4bcda826ddceac2b771c5957bfb8c657ceb866d224fa5b6"}, "loaded_project_modules": 84, "full_goal_complete": false}
