[{'numpy_version': '2.5.2',
  'python': '3.12.3 (main, Sep 13 2026, 17:13:09) [GCC 13.3.0]',
  'uname': uname_result(system='Linux', node='mlflow-training-zl8wuc-496809-n3-master-0', release='5.10.134-16.103.al8.x86_64', version='#1 SMP Fri Feb 28 19:03:39 CST 2025', machine='x86_64')},
 {'simd_extensions': {'baseline': ['X86_V2'],
                      'found': ['X86_V3', 'X86_V4'],
                      'not_found': ['AVX512_ICL', 'AVX512_SPR']}},
 {'ignore_floating_point_errors_in_matmul': False},
 {'architecture': 'SkylakeX',
  'filepath': '/tmp/ci-numerical-runtime.AQg9TtWv/venv/lib/python3.12/site-packages/numpy.libs/libscipy_openblas64_-61654e39.so',
  'internal_api': 'openblas',
  'num_threads': 1,
  'prefix': 'libscipy_openblas',
  'threading_layer': 'pthreads',
  'user_api': 'blas',
  'version': '0.3.34.0.0'},
 {'filepath': '/tmp/ci-numerical-runtime.AQg9TtWv/venv/lib/python3.12/site-packages/torch/lib/libgomp.so.1',
  'internal_api': 'openmp',
  'num_threads': 1,
  'prefix': 'libgomp',
  'user_api': 'openmp',
  'version': None},
 {'architecture': 'SkylakeX',
  'filepath': '/tmp/ci-numerical-runtime.AQg9TtWv/venv/lib/python3.12/site-packages/scipy.libs/libscipy_openblas-5f890258.so',
  'internal_api': 'openblas',
  'num_threads': 1,
  'prefix': 'libscipy_openblas',
  'threading_layer': 'pthreads',
  'user_api': 'blas',
  'version': '0.3.31.dev'},
 {'filepath': '/tmp/ci-numerical-runtime.AQg9TtWv/venv/lib/python3.12/site-packages/scikit_learn.libs/libgomp-e985bcbb.so.1.0.0',
  'internal_api': 'openmp',
  'num_threads': 1,
  'prefix': 'libgomp',
  'user_api': 'openmp',
  'version': None}]
{"scope": "diagnostic-only-original-functional-reconstruction", "acceptance_override": false, "openblas_coretype": "SkylakeX", "functional_tables_exact": true, "decisions_exact": true, "original_decisions_sha256": "f41bf2a43853611f46655bb08d5313c39ac677ab45beca44c947e028e637fddc"}
differences 0
[]
