/usr/local/lib/python3.12/dist-packages/torch/cuda/__init__.py:63: FutureWarning: The pynvml package is deprecated. Please install nvidia-ml-py instead. If you did not install pynvml directly, please report this to the maintainers of the package that installed pynvml for you.
  import pynvml  # type: ignore[import]
/usr/local/lib/python3.12/dist-packages/torch/cuda/__init__.py:63: FutureWarning: The pynvml package is deprecated. Please install nvidia-ml-py instead. If you did not install pynvml directly, please report this to the maintainers of the package that installed pynvml for you.
  import pynvml  # type: ignore[import]
/usr/local/lib/python3.12/dist-packages/torch/cuda/__init__.py:63: FutureWarning: The pynvml package is deprecated. Please install nvidia-ml-py instead. If you did not install pynvml directly, please report this to the maintainers of the package that installed pynvml for you.
  import pynvml  # type: ignore[import]
/usr/local/lib/python3.12/dist-packages/torch/cuda/__init__.py:63: FutureWarning: The pynvml package is deprecated. Please install nvidia-ml-py instead. If you did not install pynvml directly, please report this to the maintainers of the package that installed pynvml for you.
  import pynvml  # type: ignore[import]
/usr/local/lib/python3.12/dist-packages/torch/cuda/__init__.py:63: FutureWarning: The pynvml package is deprecated. Please install nvidia-ml-py instead. If you did not install pynvml directly, please report this to the maintainers of the package that installed pynvml for you.
  import pynvml  # type: ignore[import]
/tmp/dense-v3-factorial-trainer-integration.dmkUEso6/source-second/reports/engineering-archive/dense-v3-factorial-trainer-v1/worker.py:14: DeprecationWarning: Importing from 'sentence_transformers.models' is deprecated and will be removed in a future version. Please use 'sentence_transformers.sentence_transformer.modules' instead.
  from sentence_transformers.models import Dense, Dropout, LayerNorm, Pooling, WordEmbeddings
/tmp/dense-v3-factorial-trainer-integration.dmkUEso6/source-second/reports/engineering-archive/dense-v3-factorial-trainer-v1/worker.py:15: DeprecationWarning: Importing from 'sentence_transformers.models.tokenizer' is deprecated and will be removed in a future version. Please use 'sentence_transformers.sentence_transformer.modules.tokenizer' instead.
  from sentence_transformers.models.tokenizer import WhitespaceTokenizer
/tmp/dense-v3-factorial-trainer-integration.dmkUEso6/source-second/reports/engineering-archive/dense-v3-factorial-trainer-v1/worker.py:14: DeprecationWarning: Importing from 'sentence_transformers.models' is deprecated and will be removed in a future version. Please use 'sentence_transformers.sentence_transformer.modules' instead.
  from sentence_transformers.models import Dense, Dropout, LayerNorm, Pooling, WordEmbeddings
/tmp/dense-v3-factorial-trainer-integration.dmkUEso6/source-second/reports/engineering-archive/dense-v3-factorial-trainer-v1/worker.py:15: DeprecationWarning: Importing from 'sentence_transformers.models.tokenizer' is deprecated and will be removed in a future version. Please use 'sentence_transformers.sentence_transformer.modules.tokenizer' instead.
  from sentence_transformers.models.tokenizer import WhitespaceTokenizer
/tmp/dense-v3-factorial-trainer-integration.dmkUEso6/source-second/reports/engineering-archive/dense-v3-factorial-trainer-v1/worker.py:14: DeprecationWarning: Importing from 'sentence_transformers.models' is deprecated and will be removed in a future version. Please use 'sentence_transformers.sentence_transformer.modules' instead.
  from sentence_transformers.models import Dense, Dropout, LayerNorm, Pooling, WordEmbeddings
/tmp/dense-v3-factorial-trainer-integration.dmkUEso6/source-second/reports/engineering-archive/dense-v3-factorial-trainer-v1/worker.py:15: DeprecationWarning: Importing from 'sentence_transformers.models.tokenizer' is deprecated and will be removed in a future version. Please use 'sentence_transformers.sentence_transformer.modules.tokenizer' instead.
  from sentence_transformers.models.tokenizer import WhitespaceTokenizer
/tmp/dense-v3-factorial-trainer-integration.dmkUEso6/source-second/reports/engineering-archive/dense-v3-factorial-trainer-v1/worker.py:14: DeprecationWarning: Importing from 'sentence_transformers.models' is deprecated and will be removed in a future version. Please use 'sentence_transformers.sentence_transformer.modules' instead.
  from sentence_transformers.models import Dense, Dropout, LayerNorm, Pooling, WordEmbeddings
/tmp/dense-v3-factorial-trainer-integration.dmkUEso6/source-second/reports/engineering-archive/dense-v3-factorial-trainer-v1/worker.py:15: DeprecationWarning: Importing from 'sentence_transformers.models.tokenizer' is deprecated and will be removed in a future version. Please use 'sentence_transformers.sentence_transformer.modules.tokenizer' instead.
  from sentence_transformers.models.tokenizer import WhitespaceTokenizer
[Gloo] Rank 0 is connected to 3 peer ranks. Expected number of connected peer ranks is : 3
[Gloo] Rank 3 is connected to 3 peer ranks. Expected number of connected peer ranks is : 3
[Gloo] Rank [Gloo] Rank 12 is connected to  is connected to 33 peer ranks.  peer ranks. Expected number of connected peer ranks is : Expected number of connected peer ranks is : 33

When using DistributedDataParallel (DDP), it is recommended to set `dataloader_drop_last=True` to avoid hanging issues with an uneven last batch. Setting `dataloader_drop_last=True`.
When using DistributedDataParallel (DDP), it is recommended to set `dataloader_drop_last=True` to avoid hanging issues with an uneven last batch. Setting `dataloader_drop_last=True`.
When using DistributedDataParallel (DDP), it is recommended to set `dataloader_drop_last=True` to avoid hanging issues with an uneven last batch. Setting `dataloader_drop_last=True`.
When using DistributedDataParallel (DDP), it is recommended to set `dataloader_drop_last=True` to avoid hanging issues with an uneven last batch. Setting `dataloader_drop_last=True`.
Computing widget examples:   0%|          | 0/1 [00:00<?, ?example/s]Computing widget examples:   0%|          | 0/1 [00:00<?, ?example/s]Computing widget examples:   0%|          | 0/1 [00:00<?, ?example/s]Computing widget examples:   0%|          | 0/1 [00:00<?, ?example/s]                                                                                                                                                                                                                                                                                    [rank0]: Traceback (most recent call last):
[rank0]:   File "/tmp/dense-v3-factorial-trainer-integration.dmkUEso6/source-second/reports/engineering-archive/dense-v3-factorial-trainer-v1/worker.py", line 198, in <module>
[rank0]:     main()
[rank0]:   File "/tmp/dense-v3-factorial-trainer-integration.dmkUEso6/source-second/reports/engineering-archive/dense-v3-factorial-trainer-v1/worker.py", line 191, in main
[rank0]:     run(args)
[rank0]:   File "/tmp/dense-v3-factorial-trainer-integration.dmkUEso6/source-second/reports/engineering-archive/dense-v3-factorial-trainer-v1/worker.py", line 128, in run
[rank0]:     trainer.train(resume_from_checkpoint=binding["path"] if binding else None)
[rank0]:   File "/usr/local/lib/python3.12/dist-packages/transformers/trainer.py", line 1424, in train
[rank0]:     return inner_training_loop(
[rank0]:            ^^^^^^^^^^^^^^^^^^^^
[rank0]:   File "/usr/local/lib/python3.12/dist-packages/transformers/trainer.py", line 1463, in _inner_training_loop
[rank0]:     model, train_dataloader = self._prepare_for_training(max_steps, train_dataloader, resume_from_checkpoint)
[rank0]:                               ^^^^^^^^^^^^^^^^^^^^^^^^^^^^^^^^^^^^^^^^^^^^^^^^^^^^^^^^^^^^^^^^^^^^^^^^^^^^^^^
[rank0]:   File "/usr/local/lib/python3.12/dist-packages/transformers/trainer.py", line 1599, in _prepare_for_training
[rank0]:     model, self.optimizer = self.accelerator.prepare(self.model, self.optimizer)
[rank0]:                             ^^^^^^^^^^^^^^^^^^^^^^^^^^^^^^^^^^^^^^^^^^^^^^^^^^^^
[rank0]:   File "/usr/local/lib/python3.12/dist-packages/accelerate/accelerator.py", line 1556, in prepare
[rank0]:     result = tuple(
[rank0]:              ^^^^^^
[rank0]:   File "/usr/local/lib/python3.12/dist-packages/accelerate/accelerator.py", line 1557, in <genexpr>
[rank0]:     self._prepare_one(obj, first_pass=True, device_placement=d) for obj, d in zip(args, device_placement)
[rank0]:     ^^^^^^^^^^^^^^^^^^^^^^^^^^^^^^^^^^^^^^^^^^^^^^^^^^^^^^^^^^^
[rank0]:   File "/usr/local/lib/python3.12/dist-packages/accelerate/accelerator.py", line 1404, in _prepare_one
[rank0]:     optimizer = self.prepare_optimizer(obj, device_placement=device_placement)
[rank0]:                 ^^^^^^^^^^^^^^^^^^^^^^^^^^^^^^^^^^^^^^^^^^^^^^^^^^^^^^^^^^^^^^
[rank0]:   File "/usr/local/lib/python3.12/dist-packages/accelerate/accelerator.py", line 2761, in prepare_optimizer
[rank0]:     optimizer = AcceleratedOptimizer(optimizer, device_placement=device_placement, scaler=scaler)
[rank0]:                 ^^^^^^^^^^^^^^^^^^^^^^^^^^^^^^^^^^^^^^^^^^^^^^^^^^^^^^^^^^^^^^^^^^^^^^^^^^^^^^^^^
[rank0]:   File "/usr/local/lib/python3.12/dist-packages/accelerate/optimizer.py", line 75, in __init__
[rank0]:     self.optimizer.load_state_dict(state_dict)
[rank0]:   File "/tmp/dense-v3-factorial-trainer-integration.dmkUEso6/source-second/src/embed_optim/factorial_v3_optimizer.py", line 314, in load_state_dict
[rank0]:     raise ValueError("Externally admitted resume step is required before state loading")
[rank0]: ValueError: Externally admitted resume step is required before state loading
[rank2]: Traceback (most recent call last):
[rank2]:   File "/tmp/dense-v3-factorial-trainer-integration.dmkUEso6/source-second/reports/engineering-archive/dense-v3-factorial-trainer-v1/worker.py", line 198, in <module>
[rank2]:     main()
[rank2]:   File "/tmp/dense-v3-factorial-trainer-integration.dmkUEso6/source-second/reports/engineering-archive/dense-v3-factorial-trainer-v1/worker.py", line 191, in main
[rank2]:     run(args)
[rank2]:   File "/tmp/dense-v3-factorial-trainer-integration.dmkUEso6/source-second/reports/engineering-archive/dense-v3-factorial-trainer-v1/worker.py", line 128, in run
[rank2]:     trainer.train(resume_from_checkpoint=binding["path"] if binding else None)
[rank2]:   File "/usr/local/lib/python3.12/dist-packages/transformers/trainer.py", line 1424, in train
[rank2]:     return inner_training_loop(
[rank2]:            ^^^^^^^^^^^^^^^^^^^^
[rank2]:   File "/usr/local/lib/python3.12/dist-packages/transformers/trainer.py", line 1463, in _inner_training_loop
[rank2]:     model, train_dataloader = self._prepare_for_training(max_steps, train_dataloader, resume_from_checkpoint)
[rank2]:                               ^^^^^^^^^^^^^^^^^^^^^^^^^^^^^^^^^^^^^^^^^^^^^^^^^^^^^^^^^^^^^^^^^^^^^^^^^^^^^^^
[rank2]:   File "/usr/local/lib/python3.12/dist-packages/transformers/trainer.py", line 1599, in _prepare_for_training
[rank2]:     model, self.optimizer = self.accelerator.prepare(self.model, self.optimizer)
[rank2]:                             ^^^^^^^^^^^^^^^^^^^^^^^^^^^^^^^^^^^^^^^^^^^^^^^^^^^^
[rank2]:   File "/usr/local/lib/python3.12/dist-packages/accelerate/accelerator.py", line 1556, in prepare
[rank2]:     result = tuple(
[rank2]:              ^^^^^^
[rank2]:   File "/usr/local/lib/python3.12/dist-packages/accelerate/accelerator.py", line 1557, in <genexpr>
[rank2]:     self._prepare_one(obj, first_pass=True, device_placement=d) for obj, d in zip(args, device_placement)
[rank2]:     ^^^^^^^^^^^^^^^^^^^^^^^^^^^^^^^^^^^^^^^^^^^^^^^^^^^^^^^^^^^
[rank2]:   File "/usr/local/lib/python3.12/dist-packages/accelerate/accelerator.py", line 1404, in _prepare_one
[rank2]:     optimizer = self.prepare_optimizer(obj, device_placement=device_placement)
[rank2]:                 ^^^^^^^^^^^^^^^^^^^^^^^^^^^^^^^^^^^^^^^^^^^^^^^^^^^^^^^^^^^^^^
[rank2]:   File "/usr/local/lib/python3.12/dist-packages/accelerate/accelerator.py", line 2761, in prepare_optimizer
[rank2]:     optimizer = AcceleratedOptimizer(optimizer, device_placement=device_placement, scaler=scaler)
[rank2]:                 ^^^^^^^^^^^^^^^^^^^^^^^^^^^^^^^^^^^^^^^^^^^^^^^^^^^^^^^^^^^^^^^^^^^^^^^^^^^^^^^^^
[rank2]:   File "/usr/local/lib/python3.12/dist-packages/accelerate/optimizer.py", line 75, in __init__
[rank2]:     self.optimizer.load_state_dict(state_dict)
[rank2]:   File "/tmp/dense-v3-factorial-trainer-integration.dmkUEso6/source-second/src/embed_optim/factorial_v3_optimizer.py", line 314, in load_state_dict
[rank2]:     raise ValueError("Externally admitted resume step is required before state loading")
[rank2]: ValueError: Externally admitted resume step is required before state loading
[rank3]: Traceback (most recent call last):
[rank3]:   File "/tmp/dense-v3-factorial-trainer-integration.dmkUEso6/source-second/reports/engineering-archive/dense-v3-factorial-trainer-v1/worker.py", line 198, in <module>
[rank3]:     main()
[rank3]:   File "/tmp/dense-v3-factorial-trainer-integration.dmkUEso6/source-second/reports/engineering-archive/dense-v3-factorial-trainer-v1/worker.py", line 191, in main
[rank3]:     run(args)
[rank3]:   File "/tmp/dense-v3-factorial-trainer-integration.dmkUEso6/source-second/reports/engineering-archive/dense-v3-factorial-trainer-v1/worker.py", line 128, in run
[rank3]:     trainer.train(resume_from_checkpoint=binding["path"] if binding else None)
[rank3]:   File "/usr/local/lib/python3.12/dist-packages/transformers/trainer.py", line 1424, in train
[rank3]:     return inner_training_loop(
[rank3]:            ^^^^^^^^^^^^^^^^^^^^
[rank3]:   File "/usr/local/lib/python3.12/dist-packages/transformers/trainer.py", line 1463, in _inner_training_loop
[rank3]:     model, train_dataloader = self._prepare_for_training(max_steps, train_dataloader, resume_from_checkpoint)
[rank3]:                               ^^^^^^^^^^^^^^^^^^^^^^^^^^^^^^^^^^^^^^^^^^^^^^^^^^^^^^^^^^^^^^^^^^^^^^^^^^^^^^^
[rank3]:   File "/usr/local/lib/python3.12/dist-packages/transformers/trainer.py", line 1599, in _prepare_for_training
[rank3]:     model, self.optimizer = self.accelerator.prepare(self.model, self.optimizer)
[rank3]:                             ^^^^^^^^^^^^^^^^^^^^^^^^^^^^^^^^^^^^^^^^^^^^^^^^^^^^
[rank3]:   File "/usr/local/lib/python3.12/dist-packages/accelerate/accelerator.py", line 1556, in prepare
[rank3]:     result = tuple(
[rank3]:              ^^^^^^
[rank3]:   File "/usr/local/lib/python3.12/dist-packages/accelerate/accelerator.py", line 1557, in <genexpr>
[rank3]:     self._prepare_one(obj, first_pass=True, device_placement=d) for obj, d in zip(args, device_placement)
[rank3]:     ^^^^^^^^^^^^^^^^^^^^^^^^^^^^^^^^^^^^^^^^^^^^^^^^^^^^^^^^^^^
[rank3]:   File "/usr/local/lib/python3.12/dist-packages/accelerate/accelerator.py", line 1404, in _prepare_one
[rank3]:     optimizer = self.prepare_optimizer(obj, device_placement=device_placement)
[rank3]:                 ^^^^^^^^^^^^^^^^^^^^^^^^^^^^^^^^^^^^^^^^^^^^^^^^^^^^^^^^^^^^^^
[rank3]:   File "/usr/local/lib/python3.12/dist-packages/accelerate/accelerator.py", line 2761, in prepare_optimizer
[rank3]:     optimizer = AcceleratedOptimizer(optimizer, device_placement=device_placement, scaler=scaler)
[rank3]:                 ^^^^^^^^^^^^^^^^^^^^^^^^^^^^^^^^^^^^^^^^^^^^^^^^^^^^^^^^^^^^^^^^^^^^^^^^^^^^^^^^^
[rank3]:   File "/usr/local/lib/python3.12/dist-packages/accelerate/optimizer.py", line 75, in __init__
[rank3]:     self.optimizer.load_state_dict(state_dict)
[rank3]:   File "/tmp/dense-v3-factorial-trainer-integration.dmkUEso6/source-second/src/embed_optim/factorial_v3_optimizer.py", line 314, in load_state_dict
[rank3]:     raise ValueError("Externally admitted resume step is required before state loading")
[rank3]: ValueError: Externally admitted resume step is required before state loading
[rank1]: Traceback (most recent call last):
[rank1]:   File "/tmp/dense-v3-factorial-trainer-integration.dmkUEso6/source-second/reports/engineering-archive/dense-v3-factorial-trainer-v1/worker.py", line 198, in <module>
[rank1]:     main()
[rank1]:   File "/tmp/dense-v3-factorial-trainer-integration.dmkUEso6/source-second/reports/engineering-archive/dense-v3-factorial-trainer-v1/worker.py", line 191, in main
[rank1]:     run(args)
[rank1]:   File "/tmp/dense-v3-factorial-trainer-integration.dmkUEso6/source-second/reports/engineering-archive/dense-v3-factorial-trainer-v1/worker.py", line 128, in run
[rank1]:     trainer.train(resume_from_checkpoint=binding["path"] if binding else None)
[rank1]:   File "/usr/local/lib/python3.12/dist-packages/transformers/trainer.py", line 1424, in train
[rank1]:     return inner_training_loop(
[rank1]:            ^^^^^^^^^^^^^^^^^^^^
[rank1]:   File "/usr/local/lib/python3.12/dist-packages/transformers/trainer.py", line 1463, in _inner_training_loop
[rank1]:     model, train_dataloader = self._prepare_for_training(max_steps, train_dataloader, resume_from_checkpoint)
[rank1]:                               ^^^^^^^^^^^^^^^^^^^^^^^^^^^^^^^^^^^^^^^^^^^^^^^^^^^^^^^^^^^^^^^^^^^^^^^^^^^^^^^
[rank1]:   File "/usr/local/lib/python3.12/dist-packages/transformers/trainer.py", line 1599, in _prepare_for_training
[rank1]:     model, self.optimizer = self.accelerator.prepare(self.model, self.optimizer)
[rank1]:                             ^^^^^^^^^^^^^^^^^^^^^^^^^^^^^^^^^^^^^^^^^^^^^^^^^^^^
[rank1]:   File "/usr/local/lib/python3.12/dist-packages/accelerate/accelerator.py", line 1556, in prepare
[rank1]:     result = tuple(
[rank1]:              ^^^^^^
[rank1]:   File "/usr/local/lib/python3.12/dist-packages/accelerate/accelerator.py", line 1557, in <genexpr>
[rank1]:     self._prepare_one(obj, first_pass=True, device_placement=d) for obj, d in zip(args, device_placement)
[rank1]:     ^^^^^^^^^^^^^^^^^^^^^^^^^^^^^^^^^^^^^^^^^^^^^^^^^^^^^^^^^^^
[rank1]:   File "/usr/local/lib/python3.12/dist-packages/accelerate/accelerator.py", line 1404, in _prepare_one
[rank1]:     optimizer = self.prepare_optimizer(obj, device_placement=device_placement)
[rank1]:                 ^^^^^^^^^^^^^^^^^^^^^^^^^^^^^^^^^^^^^^^^^^^^^^^^^^^^^^^^^^^^^^
[rank1]:   File "/usr/local/lib/python3.12/dist-packages/accelerate/accelerator.py", line 2761, in prepare_optimizer
[rank1]:     optimizer = AcceleratedOptimizer(optimizer, device_placement=device_placement, scaler=scaler)
[rank1]:                 ^^^^^^^^^^^^^^^^^^^^^^^^^^^^^^^^^^^^^^^^^^^^^^^^^^^^^^^^^^^^^^^^^^^^^^^^^^^^^^^^^
[rank1]:   File "/usr/local/lib/python3.12/dist-packages/accelerate/optimizer.py", line 75, in __init__
[rank1]:     self.optimizer.load_state_dict(state_dict)
[rank1]:   File "/tmp/dense-v3-factorial-trainer-integration.dmkUEso6/source-second/src/embed_optim/factorial_v3_optimizer.py", line 314, in load_state_dict
[rank1]:     raise ValueError("Externally admitted resume step is required before state loading")
[rank1]: ValueError: Externally admitted resume step is required before state loading
E0910 16:20:43.390000 67384 torch/distributed/elastic/multiprocessing/api.py:882] failed (exitcode: 1) local_rank: 0 (pid: 67424) of binary: /usr/bin/python
Traceback (most recent call last):
  File "<frozen runpy>", line 198, in _run_module_as_main
  File "<frozen runpy>", line 88, in _run_code
  File "/usr/local/lib/python3.12/dist-packages/torch/distributed/run.py", line 940, in <module>
    main()
  File "/usr/local/lib/python3.12/dist-packages/torch/distributed/elastic/multiprocessing/errors/__init__.py", line 357, in wrapper
    return f(*args, **kwargs)
           ^^^^^^^^^^^^^^^^^^
  File "/usr/local/lib/python3.12/dist-packages/torch/distributed/run.py", line 936, in main
    run(args)
  File "/usr/local/lib/python3.12/dist-packages/torch/distributed/run.py", line 927, in run
    elastic_launch(
  File "/usr/local/lib/python3.12/dist-packages/torch/distributed/launcher/api.py", line 156, in __call__
    return launch_agent(self._config, self._entrypoint, list(args))
           ^^^^^^^^^^^^^^^^^^^^^^^^^^^^^^^^^^^^^^^^^^^^^^^^^^^^^^^^
  File "/usr/local/lib/python3.12/dist-packages/torch/distributed/launcher/api.py", line 293, in launch_agent
    raise ChildFailedError(
torch.distributed.elastic.multiprocessing.errors.ChildFailedError: 
============================================================
/tmp/dense-v3-factorial-trainer-integration.dmkUEso6/source-second/reports/engineering-archive/dense-v3-factorial-trainer-v1/worker.py FAILED
------------------------------------------------------------
Failures:
[1]:
  time      : 2026-09-10_16:20:43
  host      : mlflow-training-zl8wuc-496809-n3-master-0
  rank      : 1 (local_rank: 1)
  exitcode  : 1 (pid: 67425)
  error_file: <N/A>
  traceback : To enable traceback see: https://pytorch.org/docs/stable/elastic/errors.html
[2]:
  time      : 2026-09-10_16:20:43
  host      : mlflow-training-zl8wuc-496809-n3-master-0
  rank      : 2 (local_rank: 2)
  exitcode  : 1 (pid: 67426)
  error_file: <N/A>
  traceback : To enable traceback see: https://pytorch.org/docs/stable/elastic/errors.html
[3]:
  time      : 2026-09-10_16:20:43
  host      : mlflow-training-zl8wuc-496809-n3-master-0
  rank      : 3 (local_rank: 3)
  exitcode  : 1 (pid: 67427)
  error_file: <N/A>
  traceback : To enable traceback see: https://pytorch.org/docs/stable/elastic/errors.html
------------------------------------------------------------
Root Cause (first observed failure):
[0]:
  time      : 2026-09-10_16:20:43
  host      : mlflow-training-zl8wuc-496809-n3-master-0
  rank      : 0 (local_rank: 0)
  exitcode  : 1 (pid: 67424)
  error_file: <N/A>
  traceback : To enable traceback see: https://pytorch.org/docs/stable/elastic/errors.html
============================================================
