{
  "complete": false,
  "declared_console_scripts": 103,
  "declared_data_files": 213,
  "package_modules": 207,
  "problems": [
    "sdist producer checkout path: embedding_optimizer_study-0.1.0/tests/test_primary_v3_outcome_reconstruction.py"
  ],
  "project": "embedding-optimizer-study",
  "repository_only_provenance_config_references": [
    "configs/dense_no_packing_state_operator_handoff_repairs_amendment.json",
    "configs/dense_no_packing_state_operator_main_recovery_amendment.json",
    "configs/dense_no_packing_state_operator_parent_publication_amendment.json",
    "configs/generated/confirmatory/manifest.json",
    "configs/generated/short-branch/manifest.json"
  ],
  "runtime_config_references": 63,
  "schema_version": 1,
  "sdist": {
    "bytes": 2854314,
    "path": "/tmp/dense-v3-portable-input-roles.eOsTxin7/dist/embedding_optimizer_study-0.1.0.tar.gz",
    "sha256": "1a26d72f1a2fe5846c38e1b20fcd4619a7117f2e4f94a8fb908cca44827645b5"
  },
  "transitive_executable_config_references": 50,
  "version": "0.1.0",
  "wheel": {
    "bytes": 2762397,
    "path": "/tmp/dense-v3-portable-input-roles.eOsTxin7/dist/embedding_optimizer_study-0.1.0-py3-none-any.whl",
    "sha256": "74c9909fd093ac042fc556028abb19de21d64d8fb6f83bbc99bed4fd01db048c"
  }
}
