/usr/local/lib/python3.12/dist-packages/torch/cuda/__init__.py:63: FutureWarning: The pynvml package is deprecated. Please install nvidia-ml-py instead. If you did not install pynvml directly, please report this to the maintainers of the package that installed pynvml for you.
  import pynvml  # type: ignore[import]
/usr/local/lib/python3.12/dist-packages/torch/cuda/__init__.py:63: FutureWarning: The pynvml package is deprecated. Please install nvidia-ml-py instead. If you did not install pynvml directly, please report this to the maintainers of the package that installed pynvml for you.
  import pynvml  # type: ignore[import]
/usr/local/lib/python3.12/dist-packages/torch/cuda/__init__.py:63: FutureWarning: The pynvml package is deprecated. Please install nvidia-ml-py instead. If you did not install pynvml directly, please report this to the maintainers of the package that installed pynvml for you.
  import pynvml  # type: ignore[import]
/usr/local/lib/python3.12/dist-packages/torch/cuda/__init__.py:63: FutureWarning: The pynvml package is deprecated. Please install nvidia-ml-py instead. If you did not install pynvml directly, please report this to the maintainers of the package that installed pynvml for you.
  import pynvml  # type: ignore[import]
/usr/local/lib/python3.12/dist-packages/torch/cuda/__init__.py:63: FutureWarning: The pynvml package is deprecated. Please install nvidia-ml-py instead. If you did not install pynvml directly, please report this to the maintainers of the package that installed pynvml for you.
  import pynvml  # type: ignore[import]
/tmp/dense-v3-factorial-trainer-integration.dmkUEso6/source-first/reports/engineering-archive/dense-v3-factorial-trainer-v1/worker.py:14: DeprecationWarning: Importing from 'sentence_transformers.models' is deprecated and will be removed in a future version. Please use 'sentence_transformers.sentence_transformer.modules' instead.
  from sentence_transformers.models import Dense, Dropout, LayerNorm, Pooling, WordEmbeddings
/tmp/dense-v3-factorial-trainer-integration.dmkUEso6/source-first/reports/engineering-archive/dense-v3-factorial-trainer-v1/worker.py:15: DeprecationWarning: Importing from 'sentence_transformers.models.tokenizer' is deprecated and will be removed in a future version. Please use 'sentence_transformers.sentence_transformer.modules.tokenizer' instead.
  from sentence_transformers.models.tokenizer import WhitespaceTokenizer
/tmp/dense-v3-factorial-trainer-integration.dmkUEso6/source-first/reports/engineering-archive/dense-v3-factorial-trainer-v1/worker.py:14: DeprecationWarning: Importing from 'sentence_transformers.models' is deprecated and will be removed in a future version. Please use 'sentence_transformers.sentence_transformer.modules' instead.
  from sentence_transformers.models import Dense, Dropout, LayerNorm, Pooling, WordEmbeddings
/tmp/dense-v3-factorial-trainer-integration.dmkUEso6/source-first/reports/engineering-archive/dense-v3-factorial-trainer-v1/worker.py:15: DeprecationWarning: Importing from 'sentence_transformers.models.tokenizer' is deprecated and will be removed in a future version. Please use 'sentence_transformers.sentence_transformer.modules.tokenizer' instead.
  from sentence_transformers.models.tokenizer import WhitespaceTokenizer
/tmp/dense-v3-factorial-trainer-integration.dmkUEso6/source-first/reports/engineering-archive/dense-v3-factorial-trainer-v1/worker.py:14: DeprecationWarning: Importing from 'sentence_transformers.models' is deprecated and will be removed in a future version. Please use 'sentence_transformers.sentence_transformer.modules' instead.
  from sentence_transformers.models import Dense, Dropout, LayerNorm, Pooling, WordEmbeddings
/tmp/dense-v3-factorial-trainer-integration.dmkUEso6/source-first/reports/engineering-archive/dense-v3-factorial-trainer-v1/worker.py:15: DeprecationWarning: Importing from 'sentence_transformers.models.tokenizer' is deprecated and will be removed in a future version. Please use 'sentence_transformers.sentence_transformer.modules.tokenizer' instead.
  from sentence_transformers.models.tokenizer import WhitespaceTokenizer
/tmp/dense-v3-factorial-trainer-integration.dmkUEso6/source-first/reports/engineering-archive/dense-v3-factorial-trainer-v1/worker.py:14: DeprecationWarning: Importing from 'sentence_transformers.models' is deprecated and will be removed in a future version. Please use 'sentence_transformers.sentence_transformer.modules' instead.
  from sentence_transformers.models import Dense, Dropout, LayerNorm, Pooling, WordEmbeddings
/tmp/dense-v3-factorial-trainer-integration.dmkUEso6/source-first/reports/engineering-archive/dense-v3-factorial-trainer-v1/worker.py:15: DeprecationWarning: Importing from 'sentence_transformers.models.tokenizer' is deprecated and will be removed in a future version. Please use 'sentence_transformers.sentence_transformer.modules.tokenizer' instead.
  from sentence_transformers.models.tokenizer import WhitespaceTokenizer
[Gloo] Rank 0 is connected to 3 peer ranks. Expected number of connected peer ranks is : 3
[Gloo] Rank 1 is connected to 3 peer ranks. Expected number of connected peer ranks is : 3
[Gloo] Rank [Gloo] Rank 3 is connected to 23 is connected to  peer ranks. 3Expected number of connected peer ranks is :  peer ranks. 3Expected number of connected peer ranks is : 
3
When using DistributedDataParallel (DDP), it is recommended to set `dataloader_drop_last=True` to avoid hanging issues with an uneven last batch. Setting `dataloader_drop_last=True`.
When using DistributedDataParallel (DDP), it is recommended to set `dataloader_drop_last=True` to avoid hanging issues with an uneven last batch. Setting `dataloader_drop_last=True`.
When using DistributedDataParallel (DDP), it is recommended to set `dataloader_drop_last=True` to avoid hanging issues with an uneven last batch. Setting `dataloader_drop_last=True`.
When using DistributedDataParallel (DDP), it is recommended to set `dataloader_drop_last=True` to avoid hanging issues with an uneven last batch. Setting `dataloader_drop_last=True`.
[rank0]: Traceback (most recent call last):
[rank0]:   File "/tmp/dense-v3-factorial-trainer-integration.dmkUEso6/source-first/reports/engineering-archive/dense-v3-factorial-trainer-v1/worker.py", line 198, in <module>
[rank0]:     main()
[rank0]:   File "/tmp/dense-v3-factorial-trainer-integration.dmkUEso6/source-first/reports/engineering-archive/dense-v3-factorial-trainer-v1/worker.py", line 191, in main
[rank0]:     run(args)
[rank0]:   File "/tmp/dense-v3-factorial-trainer-integration.dmkUEso6/source-first/reports/engineering-archive/dense-v3-factorial-trainer-v1/worker.py", line 111, in run
[rank0]:     trainer = FactorialTrainer(
[rank0]:               ^^^^^^^^^^^^^^^^^
[rank0]:   File "/tmp/dense-v3-factorial-trainer-integration.dmkUEso6/source-first/src/embed_optim/factorial_v3_trainer.py", line 198, in __init__
[rank0]:     self._layout = optim.named_layout(
[rank0]:                    ^^^^^^^^^^^^^^^^^^^
[rank0]:   File "/tmp/dense-v3-factorial-trainer-integration.dmkUEso6/source-first/src/embed_optim/factorial_v3_optimizer.py", line 110, in named_layout
[rank0]:     raise ValueError("Factorial requires all three nonempty parameter partitions")
[rank0]: ValueError: Factorial requires all three nonempty parameter partitions
[rank2]: Traceback (most recent call last):
[rank2]:   File "/tmp/dense-v3-factorial-trainer-integration.dmkUEso6/source-first/reports/engineering-archive/dense-v3-factorial-trainer-v1/worker.py", line 198, in <module>
[rank2]:     main()
[rank2]:   File "/tmp/dense-v3-factorial-trainer-integration.dmkUEso6/source-first/reports/engineering-archive/dense-v3-factorial-trainer-v1/worker.py", line 191, in main
[rank2]:     run(args)
[rank2]:   File "/tmp/dense-v3-factorial-trainer-integration.dmkUEso6/source-first/reports/engineering-archive/dense-v3-factorial-trainer-v1/worker.py", line 111, in run
[rank2]:     trainer = FactorialTrainer(
[rank2]:               ^^^^^^^^^^^^^^^^^
[rank2]:   File "/tmp/dense-v3-factorial-trainer-integration.dmkUEso6/source-first/src/embed_optim/factorial_v3_trainer.py", line 198, in __init__
[rank2]:     self._layout = optim.named_layout(
[rank2]:                    ^^^^^^^^^^^^^^^^^^^
[rank2]:   File "/tmp/dense-v3-factorial-trainer-integration.dmkUEso6/source-first/src/embed_optim/factorial_v3_optimizer.py", line 110, in named_layout
[rank2]:     raise ValueError("Factorial requires all three nonempty parameter partitions")
[rank2]: ValueError: Factorial requires all three nonempty parameter partitions
[rank3]: Traceback (most recent call last):
[rank3]:   File "/tmp/dense-v3-factorial-trainer-integration.dmkUEso6/source-first/reports/engineering-archive/dense-v3-factorial-trainer-v1/worker.py", line 198, in <module>
[rank3]:     main()
[rank3]:   File "/tmp/dense-v3-factorial-trainer-integration.dmkUEso6/source-first/reports/engineering-archive/dense-v3-factorial-trainer-v1/worker.py", line 191, in main
[rank3]:     run(args)
[rank3]:   File "/tmp/dense-v3-factorial-trainer-integration.dmkUEso6/source-first/reports/engineering-archive/dense-v3-factorial-trainer-v1/worker.py", line 111, in run
[rank3]:     trainer = FactorialTrainer(
[rank3]:               ^^^^^^^^^^^^^^^^^
[rank3]:   File "/tmp/dense-v3-factorial-trainer-integration.dmkUEso6/source-first/src/embed_optim/factorial_v3_trainer.py", line 198, in __init__
[rank3]:     self._layout = optim.named_layout(
[rank3]:                    ^^^^^^^^^^^^^^^^^^^
[rank3]:   File "/tmp/dense-v3-factorial-trainer-integration.dmkUEso6/source-first/src/embed_optim/factorial_v3_optimizer.py", line 110, in named_layout
[rank3]:     raise ValueError("Factorial requires all three nonempty parameter partitions")
[rank3]: ValueError: Factorial requires all three nonempty parameter partitions
[rank1]: Traceback (most recent call last):
[rank1]:   File "/tmp/dense-v3-factorial-trainer-integration.dmkUEso6/source-first/reports/engineering-archive/dense-v3-factorial-trainer-v1/worker.py", line 198, in <module>
[rank1]:     main()
[rank1]:   File "/tmp/dense-v3-factorial-trainer-integration.dmkUEso6/source-first/reports/engineering-archive/dense-v3-factorial-trainer-v1/worker.py", line 191, in main
[rank1]:     run(args)
[rank1]:   File "/tmp/dense-v3-factorial-trainer-integration.dmkUEso6/source-first/reports/engineering-archive/dense-v3-factorial-trainer-v1/worker.py", line 111, in run
[rank1]:     trainer = FactorialTrainer(
[rank1]:               ^^^^^^^^^^^^^^^^^
[rank1]:   File "/tmp/dense-v3-factorial-trainer-integration.dmkUEso6/source-first/src/embed_optim/factorial_v3_trainer.py", line 198, in __init__
[rank1]:     self._layout = optim.named_layout(
[rank1]:                    ^^^^^^^^^^^^^^^^^^^
[rank1]:   File "/tmp/dense-v3-factorial-trainer-integration.dmkUEso6/source-first/src/embed_optim/factorial_v3_optimizer.py", line 110, in named_layout
[rank1]:     raise ValueError("Factorial requires all three nonempty parameter partitions")
[rank1]: ValueError: Factorial requires all three nonempty parameter partitions
W0910 16:16:32.497000 66652 torch/distributed/elastic/multiprocessing/api.py:908] Sending process 66692 closing signal SIGTERM
W0910 16:16:32.497000 66652 torch/distributed/elastic/multiprocessing/api.py:908] Sending process 66693 closing signal SIGTERM
W0910 16:16:32.498000 66652 torch/distributed/elastic/multiprocessing/api.py:908] Sending process 66694 closing signal SIGTERM
E0910 16:16:32.502000 66652 torch/distributed/elastic/multiprocessing/api.py:882] failed (exitcode: 1) local_rank: 0 (pid: 66691) of binary: /usr/bin/python
Traceback (most recent call last):
  File "<frozen runpy>", line 198, in _run_module_as_main
  File "<frozen runpy>", line 88, in _run_code
  File "/usr/local/lib/python3.12/dist-packages/torch/distributed/run.py", line 940, in <module>
    main()
  File "/usr/local/lib/python3.12/dist-packages/torch/distributed/elastic/multiprocessing/errors/__init__.py", line 357, in wrapper
    return f(*args, **kwargs)
           ^^^^^^^^^^^^^^^^^^
  File "/usr/local/lib/python3.12/dist-packages/torch/distributed/run.py", line 936, in main
    run(args)
  File "/usr/local/lib/python3.12/dist-packages/torch/distributed/run.py", line 927, in run
    elastic_launch(
  File "/usr/local/lib/python3.12/dist-packages/torch/distributed/launcher/api.py", line 156, in __call__
    return launch_agent(self._config, self._entrypoint, list(args))
           ^^^^^^^^^^^^^^^^^^^^^^^^^^^^^^^^^^^^^^^^^^^^^^^^^^^^^^^^
  File "/usr/local/lib/python3.12/dist-packages/torch/distributed/launcher/api.py", line 293, in launch_agent
    raise ChildFailedError(
torch.distributed.elastic.multiprocessing.errors.ChildFailedError: 
============================================================
/tmp/dense-v3-factorial-trainer-integration.dmkUEso6/source-first/reports/engineering-archive/dense-v3-factorial-trainer-v1/worker.py FAILED
------------------------------------------------------------
Failures:
  <NO_OTHER_FAILURES>
------------------------------------------------------------
Root Cause (first observed failure):
[0]:
  time      : 2026-09-10_16:16:32
  host      : mlflow-training-zl8wuc-496809-n3-master-0
  rank      : 0 (local_rank: 0)
  exitcode  : 1 (pid: 66691)
  error_file: <N/A>
  traceback : To enable traceback see: https://pytorch.org/docs/stable/elastic/errors.html
============================================================
