Optimizer parameter partition: {"aux_decay": {"parameters": 38682624, "tensors": 1}, "aux_no_decay": {"parameters": 34560, "tensors": 45}, "hidden": {"parameters": 110297088, "tensors": 88}}
{'loss': '0.04176', 'grad_norm': '6.872', 'learning_rate': '0', 'epoch': '0.4444'}
{'train_runtime': '20.63', 'train_samples_per_second': '18.61', 'train_steps_per_second': '0.145', 'train_loss': '0.03597', 'epoch': '1'}
Optimizer parameter partition: {"aux_decay": {"parameters": 38682624, "tensors": 1}, "aux_no_decay": {"parameters": 34560, "tensors": 45}, "hidden": {"parameters": 110297088, "tensors": 88}}
{'train_runtime': '12.72', 'train_samples_per_second': '30.18', 'train_steps_per_second': '0.236', 'train_loss': '0.02205', 'epoch': '1'}
{"run": "padded-adamw-3e-5", "direct_update_localization": "exact", "all_ranks": 4}
{"run": "padded-adamw-3e-5", "resume_step": 1, "exact_entry_rows_rng_scheduler": true, "strict_bitwise": false}
Optimizer parameter partition: {"aux_decay": {"parameters": 38682624, "tensors": 1}, "aux_no_decay": {"parameters": 34560, "tensors": 45}, "hidden": {"parameters": 110297088, "tensors": 88}}
{'train_runtime': '5.603', 'train_samples_per_second': '68.54', 'train_steps_per_second': '0.535', 'train_loss': '1.212e-06', 'epoch': '1'}
{"run": "padded-adamw-3e-5", "resume_step": 2, "exact_entry_rows_rng_scheduler": true, "strict_bitwise": false}
Optimizer parameter partition: {"aux_decay": {"parameters": 38682624, "tensors": 1}, "aux_no_decay": {"parameters": 34560, "tensors": 45}, "hidden": {"parameters": 110297088, "tensors": 88}}
{'loss': '0.04176', 'grad_norm': '6.872', 'learning_rate': '0', 'epoch': '0.4444'}
{'train_runtime': '18.65', 'train_samples_per_second': '20.59', 'train_steps_per_second': '0.161', 'train_loss': '0.04589', 'epoch': '1'}
Optimizer parameter partition: {"aux_decay": {"parameters": 38682624, "tensors": 1}, "aux_no_decay": {"parameters": 34560, "tensors": 45}, "hidden": {"parameters": 110297088, "tensors": 88}}
{'train_runtime': '12.69', 'train_samples_per_second': '30.26', 'train_steps_per_second': '0.236', 'train_loss': '0.03191', 'epoch': '1'}
{"run": "padded-muon-3e-4", "direct_update_localization": "exact", "all_ranks": 4}
{"run": "padded-muon-3e-4", "resume_step": 1, "exact_entry_rows_rng_scheduler": true, "strict_bitwise": false}
Optimizer parameter partition: {"aux_decay": {"parameters": 38682624, "tensors": 1}, "aux_no_decay": {"parameters": 34560, "tensors": 45}, "hidden": {"parameters": 110297088, "tensors": 88}}
{'train_runtime': '5.153', 'train_samples_per_second': '74.52', 'train_steps_per_second': '0.582', 'train_loss': '0.009917', 'epoch': '1'}
{"run": "padded-muon-3e-4", "resume_step": 2, "exact_entry_rows_rng_scheduler": true, "strict_bitwise": false}
Optimizer parameter partition: {"aux_decay": {"parameters": 38682624, "tensors": 1}, "aux_no_decay": {"parameters": 34560, "tensors": 45}, "hidden": {"parameters": 110297088, "tensors": 88}}
{'loss': '0.04176', 'grad_norm': '6.872', 'learning_rate': '0', 'epoch': '0.4444'}
{'train_runtime': '18.74', 'train_samples_per_second': '20.49', 'train_steps_per_second': '0.16', 'train_loss': '0.04731', 'epoch': '1'}
Optimizer parameter partition: {"aux_decay": {"parameters": 38682624, "tensors": 1}, "aux_no_decay": {"parameters": 34560, "tensors": 45}, "hidden": {"parameters": 110297088, "tensors": 88}}
{'train_runtime': '12.09', 'train_samples_per_second': '31.75', 'train_steps_per_second': '0.248', 'train_loss': '0.03296', 'epoch': '1'}
{"run": "padded-normuon-3e-4", "direct_update_localization": "exact", "all_ranks": 4}
{"run": "padded-normuon-3e-4", "resume_step": 1, "exact_entry_rows_rng_scheduler": true, "strict_bitwise": false}
Optimizer parameter partition: {"aux_decay": {"parameters": 38682624, "tensors": 1}, "aux_no_decay": {"parameters": 34560, "tensors": 45}, "hidden": {"parameters": 110297088, "tensors": 88}}
{'train_runtime': '5.294', 'train_samples_per_second': '72.54', 'train_steps_per_second': '0.567', 'train_loss': '0.01134', 'epoch': '1'}
{"run": "padded-normuon-3e-4", "resume_step": 2, "exact_entry_rows_rng_scheduler": true, "strict_bitwise": false}
