{
  "complete": true,
  "declared_console_scripts": 104,
  "declared_data_files": 216,
  "package_modules": 210,
  "problems": [],
  "project": "embedding-optimizer-study",
  "repository_only_provenance_config_references": [
    "configs/dense_no_packing_state_operator_handoff_repairs_amendment.json",
    "configs/dense_no_packing_state_operator_main_recovery_amendment.json",
    "configs/dense_no_packing_state_operator_parent_publication_amendment.json",
    "configs/generated/confirmatory/manifest.json",
    "configs/generated/short-branch/manifest.json"
  ],
  "runtime_config_references": 64,
  "schema_version": 1,
  "sdist": {
    "bytes": 2876209,
    "path": "/tmp/dense-v3-portable-factorial.KUvkU0gR/dist-final/embedding_optimizer_study-0.1.0.tar.gz",
    "sha256": "8a4f5957fc9cd143f56971cf7e4646c4ebfcb1192b1a6377b8d15e87e24ece12"
  },
  "transitive_executable_config_references": 50,
  "version": "0.1.0",
  "wheel": {
    "bytes": 2781076,
    "path": "/tmp/dense-v3-portable-factorial.KUvkU0gR/dist-final/embedding_optimizer_study-0.1.0-py3-none-any.whl",
    "sha256": "6f7b51c2257867c5368ce559ec34dea1c38230744e6823d89ce7e0f99604358a"
  }
}
