{
  "complete": true,
  "python": "3.12.3 (main, Sep 14 2026, 01:02:11) [GCC 13.3.0]",
  "prefix": "/tmp/ci-python-runtime.rXB7OKBE/install",
  "subprocess_extension": "/tmp/ci-python-runtime.rXB7OKBE/install/lib/python3.12/lib-dynload/_posixsubprocess.cpython-312-x86_64-linux-gnu.so",
  "HAVE_CLOSE_RANGE": 0,
  "packages": {
    "torch": "2.9.1+cu129",
    "numpy": "2.5.2",
    "scipy": "1.18.1",
    "pandas": "3.0.5",
    "huggingface-hub": "1.28.0",
    "flash-attn": "2.7.4.post1"
  },
  "paths": {
    "torch": "/tmp/ci-numerical-runtime.AQg9TtWv/venv/lib/python3.12/site-packages/torch/__init__.py",
    "numpy": "/tmp/ci-numerical-runtime.AQg9TtWv/venv/lib/python3.12/site-packages/numpy/__init__.py",
    "scipy": "/tmp/ci-numerical-runtime.AQg9TtWv/venv/lib/python3.12/site-packages/scipy/__init__.py"
  }
}
