{
  "complete": false,
  "declared_console_scripts": 103,
  "declared_data_files": 213,
  "package_modules": 207,
  "problems": [
    "wheel producer checkout path: embed_optim/factorial_v3_inputs.py",
    "sdist producer checkout path: embedding_optimizer_study-0.1.0/src/embed_optim/factorial_v3_inputs.py",
    "sdist producer checkout path: embedding_optimizer_study-0.1.0/tests/test_dense_evaluation_pause.py",
    "sdist producer checkout path: embedding_optimizer_study-0.1.0/tests/test_factorial_v3_calibration.py",
    "sdist producer checkout path: embedding_optimizer_study-0.1.0/tests/test_factorial_v3_run_contract.py",
    "sdist producer checkout path: embedding_optimizer_study-0.1.0/tests/test_primary_v3_outcome_reconstruction.py"
  ],
  "project": "embedding-optimizer-study",
  "repository_only_provenance_config_references": [
    "configs/dense_no_packing_state_operator_handoff_repairs_amendment.json",
    "configs/dense_no_packing_state_operator_main_recovery_amendment.json",
    "configs/dense_no_packing_state_operator_parent_publication_amendment.json",
    "configs/generated/confirmatory/manifest.json",
    "configs/generated/short-branch/manifest.json"
  ],
  "runtime_config_references": 63,
  "schema_version": 1,
  "sdist": {
    "bytes": 2852428,
    "path": "/tmp/dense-v3-portable-handoff.u0r0Q1W0/dist/embedding_optimizer_study-0.1.0.tar.gz",
    "sha256": "00a5d63e6385150623294c1974dee914cd40e981bf5cb970e274f8a51ca6156f"
  },
  "transitive_executable_config_references": 50,
  "version": "0.1.0",
  "wheel": {
    "bytes": 2761742,
    "path": "/tmp/dense-v3-portable-handoff.u0r0Q1W0/dist/embedding_optimizer_study-0.1.0-py3-none-any.whl",
    "sha256": "067f976b4826ae0cb0da46e76d966b97966c50d271c63f778b1246c9035f9eb6"
  }
}
