/usr/local/lib/python3.12/dist-packages/torch/cuda/__init__.py:63: FutureWarning: The pynvml package is deprecated. Please install nvidia-ml-py instead. If you did not install pynvml directly, please report this to the maintainers of the package that installed pynvml for you.
  import pynvml  # type: ignore[import]
/usr/local/lib/python3.12/dist-packages/torch/cuda/__init__.py:63: FutureWarning: The pynvml package is deprecated. Please install nvidia-ml-py instead. If you did not install pynvml directly, please report this to the maintainers of the package that installed pynvml for you.
  import pynvml  # type: ignore[import]
/usr/local/lib/python3.12/dist-packages/torch/cuda/__init__.py:63: FutureWarning: The pynvml package is deprecated. Please install nvidia-ml-py instead. If you did not install pynvml directly, please report this to the maintainers of the package that installed pynvml for you.
  import pynvml  # type: ignore[import]
/usr/local/lib/python3.12/dist-packages/torch/cuda/__init__.py:63: FutureWarning: The pynvml package is deprecated. Please install nvidia-ml-py instead. If you did not install pynvml directly, please report this to the maintainers of the package that installed pynvml for you.
  import pynvml  # type: ignore[import]
/usr/local/lib/python3.12/dist-packages/torch/cuda/__init__.py:63: FutureWarning: The pynvml package is deprecated. Please install nvidia-ml-py instead. If you did not install pynvml directly, please report this to the maintainers of the package that installed pynvml for you.
  import pynvml  # type: ignore[import]
/tmp/dense-v3-factorial-trainer-integration.dmkUEso6/source-third/reports/engineering-archive/dense-v3-factorial-trainer-v1/worker.py:14: DeprecationWarning: Importing from 'sentence_transformers.models' is deprecated and will be removed in a future version. Please use 'sentence_transformers.sentence_transformer.modules' instead.
  from sentence_transformers.models import Dense, Dropout, LayerNorm, Pooling, WordEmbeddings
/tmp/dense-v3-factorial-trainer-integration.dmkUEso6/source-third/reports/engineering-archive/dense-v3-factorial-trainer-v1/worker.py:15: DeprecationWarning: Importing from 'sentence_transformers.models.tokenizer' is deprecated and will be removed in a future version. Please use 'sentence_transformers.sentence_transformer.modules.tokenizer' instead.
  from sentence_transformers.models.tokenizer import WhitespaceTokenizer
/tmp/dense-v3-factorial-trainer-integration.dmkUEso6/source-third/reports/engineering-archive/dense-v3-factorial-trainer-v1/worker.py:14: DeprecationWarning: Importing from 'sentence_transformers.models' is deprecated and will be removed in a future version. Please use 'sentence_transformers.sentence_transformer.modules' instead.
  from sentence_transformers.models import Dense, Dropout, LayerNorm, Pooling, WordEmbeddings
/tmp/dense-v3-factorial-trainer-integration.dmkUEso6/source-third/reports/engineering-archive/dense-v3-factorial-trainer-v1/worker.py:15: DeprecationWarning: Importing from 'sentence_transformers.models.tokenizer' is deprecated and will be removed in a future version. Please use 'sentence_transformers.sentence_transformer.modules.tokenizer' instead.
  from sentence_transformers.models.tokenizer import WhitespaceTokenizer
/tmp/dense-v3-factorial-trainer-integration.dmkUEso6/source-third/reports/engineering-archive/dense-v3-factorial-trainer-v1/worker.py:14: DeprecationWarning: Importing from 'sentence_transformers.models' is deprecated and will be removed in a future version. Please use 'sentence_transformers.sentence_transformer.modules' instead.
  from sentence_transformers.models import Dense, Dropout, LayerNorm, Pooling, WordEmbeddings
/tmp/dense-v3-factorial-trainer-integration.dmkUEso6/source-third/reports/engineering-archive/dense-v3-factorial-trainer-v1/worker.py:15: DeprecationWarning: Importing from 'sentence_transformers.models.tokenizer' is deprecated and will be removed in a future version. Please use 'sentence_transformers.sentence_transformer.modules.tokenizer' instead.
  from sentence_transformers.models.tokenizer import WhitespaceTokenizer
/tmp/dense-v3-factorial-trainer-integration.dmkUEso6/source-third/reports/engineering-archive/dense-v3-factorial-trainer-v1/worker.py:14: DeprecationWarning: Importing from 'sentence_transformers.models' is deprecated and will be removed in a future version. Please use 'sentence_transformers.sentence_transformer.modules' instead.
  from sentence_transformers.models import Dense, Dropout, LayerNorm, Pooling, WordEmbeddings
/tmp/dense-v3-factorial-trainer-integration.dmkUEso6/source-third/reports/engineering-archive/dense-v3-factorial-trainer-v1/worker.py:15: DeprecationWarning: Importing from 'sentence_transformers.models.tokenizer' is deprecated and will be removed in a future version. Please use 'sentence_transformers.sentence_transformer.modules.tokenizer' instead.
  from sentence_transformers.models.tokenizer import WhitespaceTokenizer
[Gloo] Rank [Gloo] Rank [Gloo] Rank 120 is connected to  is connected to  is connected to 333 peer ranks.  peer ranks.  peer ranks. Expected number of connected peer ranks is : Expected number of connected peer ranks is : Expected number of connected peer ranks is : 333


[Gloo] Rank 3 is connected to 3 peer ranks. Expected number of connected peer ranks is : 3
When using DistributedDataParallel (DDP), it is recommended to set `dataloader_drop_last=True` to avoid hanging issues with an uneven last batch. Setting `dataloader_drop_last=True`.
When using DistributedDataParallel (DDP), it is recommended to set `dataloader_drop_last=True` to avoid hanging issues with an uneven last batch. Setting `dataloader_drop_last=True`.
When using DistributedDataParallel (DDP), it is recommended to set `dataloader_drop_last=True` to avoid hanging issues with an uneven last batch. Setting `dataloader_drop_last=True`.
When using DistributedDataParallel (DDP), it is recommended to set `dataloader_drop_last=True` to avoid hanging issues with an uneven last batch. Setting `dataloader_drop_last=True`.
Computing widget examples:   0%|          | 0/1 [00:00<?, ?example/s]Computing widget examples:   0%|          | 0/1 [00:00<?, ?example/s]Computing widget examples:   0%|          | 0/1 [00:00<?, ?example/s]Computing widget examples:   0%|          | 0/1 [00:00<?, ?example/s]                                                                                                                                                                                                                                                                                    The `tokenize` method is deprecated, please use `preprocess` instead.
The `tokenize` method is deprecated, please use `preprocess` instead.
The `tokenize` method is deprecated, please use `preprocess` instead.
The `tokenize` method is deprecated, please use `preprocess` instead.
{'train_runtime': '6.109', 'train_samples_per_second': '8184', 'train_steps_per_second': '64', 'train_loss': '30.16', 'epoch': '0.8005'}
{"scope": "cpu-toy-factorial-trainer-diagnostic", "mode": "train", "completed_steps": 313, "consumed_groups": 10016, "normalization": {"owner": "Trainer.training_step/current_gradient_accumulation_steps", "trainer_scheduled_accumulation": 4, "accelerator_divisor_before": 4, "accelerator_divisor_after": 1}}
