make: Entering directory '/root/embedding-optimizer-story-refactor/paper'
mkdir -p "/tmp/dense-v3-release-transition.zFMpOKti/"
CUDA_VISIBLE_DEVICES='' /usr/bin/python -m embed_optim.current_paper \
	--paper-dir current --output "/tmp/dense-v3-release-transition.zFMpOKti/default-paper"
/usr/local/lib/python3.12/dist-packages/torch/cuda/__init__.py:63: FutureWarning: The pynvml package is deprecated. Please install nvidia-ml-py instead. If you did not install pynvml directly, please report this to the maintainers of the package that installed pynvml for you.
  import pynvml  # type: ignore[import]
{
  "abstract_words": 158,
  "document_receipt": {
    "bytes": 66230,
    "sha256": "80e87a76aa984ce34fc7314b30c261692a6aa3a73cd650ee4945c44109cf497c"
  },
  "document_reproduction_complete": true,
  "font_count": 25,
  "main_end_page": 8,
  "pdf": "/tmp/dense-v3-release-transition.zFMpOKti/default-paper/paper/build/main.pdf",
  "pdf_pages": 13,
  "scientific_numerical_recomputation": false,
  "scope": "reviewed_dense_document_reproduction_v1",
  "snapshot_sha256": "6ef28bcf1f2cd873bcb0a663c2baea57ec6dc98a4e441d0850608a61f46ae6b9",
  "source_release_verified": false
}
make: Leaving directory '/root/embedding-optimizer-story-refactor/paper'
