.............................................F......................     [100%]
=================================== FAILURES ===================================
_____ test_repaired_parent_preserves_all_47_commands_and_arguments_exactly _____

    def test_repaired_parent_preserves_all_47_commands_and_arguments_exactly():
        old = read(ROOT / "reports/experiment-integrity/dimension-figure-factorial-plan.json")[
            "result"
        ]["contract"]
        args = controller.parse_args(
            [
                "--workdir",
                str(ROOT),
                "--main-ledger",
                old["arguments"]["main_ledger"],
                "--python",
                old["arguments"]["python"],
                "--dry-run",
            ]
        )
        protocol = controller.load_completion_protocol(PROTOCOL, ROOT)
        steps = controller.pipeline_steps(args, ROOT, protocol)
        actual = controller._contract(args, ROOT, PROTOCOL, steps)
        assert len(actual["steps"]) == 47
>       assert actual["steps"] == old["steps"]
E       AssertionError: assert [{'command': ...': None}, ...] == [{'command': ...': None}, ...]
E         
E         At index 40 diff: {'index': 41, 'name': 'paper-release', 'command': ['make', '-C', '/tmp/dense-v3-release-transition.zFMpOKti/original-analysis-v3/paper', 'release', 'PYTHON=/usr/bin/python'], 'parallel_group': None} != {'command': ['make', '-C', '/root/embedding-optimizer-story-refactor/paper', 'release', 'PYTHON=/usr/bin/python'], 'index': 41, 'name': 'paper-release', 'parallel_group': None}
E         Use -v to get more diff

tests/test_successor_parent_publication.py:308: AssertionError
=============================== warnings summary ===============================
../../../usr/local/lib/python3.12/dist-packages/torch/cuda/__init__.py:63
  /usr/local/lib/python3.12/dist-packages/torch/cuda/__init__.py:63: FutureWarning: The pynvml package is deprecated. Please install nvidia-ml-py instead. If you did not install pynvml directly, please report this to the maintainers of the package that installed pynvml for you.
    import pynvml  # type: ignore[import]

<frozen importlib._bootstrap>:488
  <frozen importlib._bootstrap>:488: DeprecationWarning: builtin type SwigPyPacked has no __module__ attribute

<frozen importlib._bootstrap>:488
  <frozen importlib._bootstrap>:488: DeprecationWarning: builtin type SwigPyObject has no __module__ attribute

../../../usr/local/lib/python3.12/dist-packages/mteb/models/model_implementations/bmretriever_models.py:7
  /usr/local/lib/python3.12/dist-packages/mteb/models/model_implementations/bmretriever_models.py:7: DeprecationWarning: Importing from 'sentence_transformers.models' is deprecated and will be removed in a future version. Please use 'sentence_transformers.sentence_transformer.modules' instead.
    from sentence_transformers.models import Pooling, Transformer

-- Docs: https://docs.pytest.org/en/stable/how-to/capture-warnings.html
=========================== short test summary info ============================
FAILED tests/test_successor_parent_publication.py::test_repaired_parent_preserves_all_47_commands_and_arguments_exactly
sys:1: DeprecationWarning: builtin type swigvarlink has no __module__ attribute
