
==================================== ERRORS ====================================
_____ ERROR collecting tests/test_dense_trainer_normalization_candidate.py _____
ImportError while importing test module '/tmp/dense-v3-release-transition.zFMpOKti/original-analysis/tests/test_dense_trainer_normalization_candidate.py'.
Hint: make sure your test modules/packages have valid Python names.
Traceback:
/usr/lib/python3.12/importlib/__init__.py:90: in import_module
    return _bootstrap._gcd_import(name[level:], package, level)
           ^^^^^^^^^^^^^^^^^^^^^^^^^^^^^^^^^^^^^^^^^^^^^^^^^^^^
tests/test_dense_trainer_normalization_candidate.py:8: in <module>
    from scripts import audit_dense_trainer_normalization as audit
scripts/audit_dense_trainer_normalization.py:23: in <module>
    from embed_optim import train
src/embed_optim/train.py:20: in <module>
    from . import dense_numerical_contract as numerical
src/embed_optim/dense_numerical_contract.py:21: in <module>
    from .config import DENSE_NUMERICAL_POLICY, MUON_NS_IMPLEMENTATION, NORMUON_NS_IMPLEMENTATION
E   ImportError: cannot import name 'DENSE_NUMERICAL_POLICY' from 'embed_optim.config' (/tmp/dense-v3-release-transition.zFMpOKti/original-analysis/src/embed_optim/config.py)
=============================== warnings summary ===============================
../../../usr/local/lib/python3.12/dist-packages/torch/cuda/__init__.py:63
  /usr/local/lib/python3.12/dist-packages/torch/cuda/__init__.py:63: FutureWarning: The pynvml package is deprecated. Please install nvidia-ml-py instead. If you did not install pynvml directly, please report this to the maintainers of the package that installed pynvml for you.
    import pynvml  # type: ignore[import]

<frozen importlib._bootstrap>:488
  <frozen importlib._bootstrap>:488: DeprecationWarning: builtin type SwigPyPacked has no __module__ attribute

<frozen importlib._bootstrap>:488
  <frozen importlib._bootstrap>:488: DeprecationWarning: builtin type SwigPyObject has no __module__ attribute

../../../usr/local/lib/python3.12/dist-packages/mteb/models/model_implementations/bmretriever_models.py:7
  /usr/local/lib/python3.12/dist-packages/mteb/models/model_implementations/bmretriever_models.py:7: DeprecationWarning: Importing from 'sentence_transformers.models' is deprecated and will be removed in a future version. Please use 'sentence_transformers.sentence_transformer.modules' instead.
    from sentence_transformers.models import Pooling, Transformer

-- Docs: https://docs.pytest.org/en/stable/how-to/capture-warnings.html
=========================== short test summary info ============================
ERROR tests/test_dense_trainer_normalization_candidate.py
!!!!!!!!!!!!!!!!!!!! Interrupted: 1 error during collection !!!!!!!!!!!!!!!!!!!!
sys:1: DeprecationWarning: builtin type swigvarlink has no __module__ attribute
