{
  "complete": true,
  "declared_console_scripts": 105,
  "declared_data_files": 220,
  "package_modules": 211,
  "problems": [],
  "project": "embedding-optimizer-study",
  "repository_only_provenance_config_references": [
    "configs/dense_no_packing_state_operator_handoff_repairs_amendment.json",
    "configs/dense_no_packing_state_operator_main_recovery_amendment.json",
    "configs/dense_no_packing_state_operator_parent_publication_amendment.json",
    "configs/generated/confirmatory/manifest.json",
    "configs/generated/short-branch/manifest.json"
  ],
  "runtime_config_references": 64,
  "schema_version": 1,
  "sdist": {
    "bytes": 3443174,
    "path": "/tmp/ci-runtime-entry.puJcoeZd/dist/embedding_optimizer_study-0.1.0.tar.gz",
    "sha256": "11639adeba1352ccadd40f6c6ce7bc7deca28c653a37f84718195742be1eab27"
  },
  "transitive_executable_config_references": 50,
  "version": "0.1.0",
  "wheel": {
    "bytes": 3344640,
    "path": "/tmp/ci-runtime-entry.puJcoeZd/dist/embedding_optimizer_study-0.1.0-py3-none-any.whl",
    "sha256": "b192a65999f6a0ccf5d01392ce59ee7e2d4563043d0bdc69fe1439e9a0ca4400"
  }
}
