{
  "complete": true,
  "declared_console_scripts": 105,
  "declared_data_files": 220,
  "package_modules": 211,
  "problems": [],
  "project": "embedding-optimizer-study",
  "repository_only_provenance_config_references": [
    "configs/dense_no_packing_state_operator_handoff_repairs_amendment.json",
    "configs/dense_no_packing_state_operator_main_recovery_amendment.json",
    "configs/dense_no_packing_state_operator_parent_publication_amendment.json",
    "configs/generated/confirmatory/manifest.json",
    "configs/generated/short-branch/manifest.json"
  ],
  "runtime_config_references": 64,
  "schema_version": 1,
  "sdist": {
    "bytes": 3443331,
    "path": "/tmp/ci-runtime-entry.puJcoeZd/dist-final/embedding_optimizer_study-0.1.0.tar.gz",
    "sha256": "2f8619983081c1c24e10a970cd3523921a5c2762d3aae2daad42b0aabcceec4b"
  },
  "transitive_executable_config_references": 50,
  "version": "0.1.0",
  "wheel": {
    "bytes": 3344841,
    "path": "/tmp/ci-runtime-entry.puJcoeZd/dist-final/embedding_optimizer_study-0.1.0-py3-none-any.whl",
    "sha256": "852366ddc44c1e2ba9eeb0e7741cc18f57f3b51e0b1f6b309dda948e334168b4"
  }
}
