Optimizer parameter partition: {"aux_decay": {"parameters": 38682624, "tensors": 1}, "aux_no_decay": {"parameters": 34560, "tensors": 45}, "hidden": {"parameters": 110297088, "tensors": 88}}
{'loss': '0.04176', 'grad_norm': '6.872', 'learning_rate': '0', 'epoch': '0.4444'}
{'train_runtime': '20.28', 'train_samples_per_second': '18.94', 'train_steps_per_second': '0.148', 'train_loss': '0.03597', 'epoch': '1'}
Optimizer parameter partition: {"aux_decay": {"parameters": 38682624, "tensors": 1}, "aux_no_decay": {"parameters": 34560, "tensors": 45}, "hidden": {"parameters": 110297088, "tensors": 88}}
{'train_runtime': '13.13', 'train_samples_per_second': '29.25', 'train_steps_per_second': '0.229', 'train_loss': '0.02205', 'epoch': '1'}
{"run": "padded-adamw-3e-5", "resume_step": 1, "exact_entry_rows_rng_scheduler": true, "strict_bitwise": false}
Optimizer parameter partition: {"aux_decay": {"parameters": 38682624, "tensors": 1}, "aux_no_decay": {"parameters": 34560, "tensors": 45}, "hidden": {"parameters": 110297088, "tensors": 88}}
{'train_runtime': '5.509', 'train_samples_per_second': '69.7', 'train_steps_per_second': '0.545', 'train_loss': '1.212e-06', 'epoch': '1'}
{"run": "padded-adamw-3e-5", "resume_step": 2, "exact_entry_rows_rng_scheduler": true, "strict_bitwise": false}
Optimizer parameter partition: {"aux_decay": {"parameters": 38682624, "tensors": 1}, "aux_no_decay": {"parameters": 34560, "tensors": 45}, "hidden": {"parameters": 110297088, "tensors": 88}}
{'loss': '0.04176', 'grad_norm': '6.872', 'learning_rate': '0', 'epoch': '0.4444'}
{'train_runtime': '18.39', 'train_samples_per_second': '20.88', 'train_steps_per_second': '0.163', 'train_loss': '0.04589', 'epoch': '1'}
Optimizer parameter partition: {"aux_decay": {"parameters": 38682624, "tensors": 1}, "aux_no_decay": {"parameters": 34560, "tensors": 45}, "hidden": {"parameters": 110297088, "tensors": 88}}
{'train_runtime': '11.9', 'train_samples_per_second': '32.26', 'train_steps_per_second': '0.252', 'train_loss': '0.03191', 'epoch': '1'}
{"run": "padded-muon-3e-4", "resume_step": 1, "exact_entry_rows_rng_scheduler": true, "strict_bitwise": false}
Optimizer parameter partition: {"aux_decay": {"parameters": 38682624, "tensors": 1}, "aux_no_decay": {"parameters": 34560, "tensors": 45}, "hidden": {"parameters": 110297088, "tensors": 88}}
{'train_runtime': '5.087', 'train_samples_per_second': '75.49', 'train_steps_per_second': '0.59', 'train_loss': '0.009917', 'epoch': '1'}
{"run": "padded-muon-3e-4", "resume_step": 2, "exact_entry_rows_rng_scheduler": true, "strict_bitwise": false}
Optimizer parameter partition: {"aux_decay": {"parameters": 38682624, "tensors": 1}, "aux_no_decay": {"parameters": 34560, "tensors": 45}, "hidden": {"parameters": 110297088, "tensors": 88}}
{'loss': '0.04176', 'grad_norm': '6.872', 'learning_rate': '0', 'epoch': '0.4444'}
{'train_runtime': '18.29', 'train_samples_per_second': '21', 'train_steps_per_second': '0.164', 'train_loss': '0.04731', 'epoch': '1'}
Optimizer parameter partition: {"aux_decay": {"parameters": 38682624, "tensors": 1}, "aux_no_decay": {"parameters": 34560, "tensors": 45}, "hidden": {"parameters": 110297088, "tensors": 88}}
{'train_runtime': '12.81', 'train_samples_per_second': '29.97', 'train_steps_per_second': '0.234', 'train_loss': '0.03296', 'epoch': '1'}
{"run": "padded-normuon-3e-4", "resume_step": 1, "exact_entry_rows_rng_scheduler": true, "strict_bitwise": false}
Optimizer parameter partition: {"aux_decay": {"parameters": 38682624, "tensors": 1}, "aux_no_decay": {"parameters": 34560, "tensors": 45}, "hidden": {"parameters": 110297088, "tensors": 88}}
{'train_runtime': '5.199', 'train_samples_per_second': '73.86', 'train_steps_per_second': '0.577', 'train_loss': '0.01134', 'epoch': '1'}
{"run": "padded-normuon-3e-4", "resume_step": 2, "exact_entry_rows_rng_scheduler": true, "strict_bitwise": false}
