{
  "complete": true,
  "declared_console_scripts": 103,
  "declared_data_files": 215,
  "package_modules": 209,
  "problems": [],
  "project": "embedding-optimizer-study",
  "repository_only_provenance_config_references": [
    "configs/dense_no_packing_state_operator_handoff_repairs_amendment.json",
    "configs/dense_no_packing_state_operator_main_recovery_amendment.json",
    "configs/dense_no_packing_state_operator_parent_publication_amendment.json",
    "configs/generated/confirmatory/manifest.json",
    "configs/generated/short-branch/manifest.json"
  ],
  "runtime_config_references": 64,
  "schema_version": 1,
  "sdist": {
    "bytes": 2869902,
    "path": "/tmp/dense-v3-numerical-integration.DUnt6osB/dist-final/embedding_optimizer_study-0.1.0.tar.gz",
    "sha256": "4d6a046ff9352282d16962ab13d4d158bba1bbb365d71a9f75829b415f457abb"
  },
  "transitive_executable_config_references": 50,
  "version": "0.1.0",
  "wheel": {
    "bytes": 2775094,
    "path": "/tmp/dense-v3-numerical-integration.DUnt6osB/dist-final/embedding_optimizer_study-0.1.0-py3-none-any.whl",
    "sha256": "edf599dd36d8a745417cf20e79bb0a3efd77e3ae2e7231d5e609626822b1372f"
  }
}
