{
  "complete": true,
  "declared_console_scripts": 103,
  "declared_data_files": 213,
  "package_modules": 207,
  "problems": [],
  "project": "embedding-optimizer-study",
  "repository_only_provenance_config_references": [
    "configs/dense_no_packing_state_operator_handoff_repairs_amendment.json",
    "configs/dense_no_packing_state_operator_main_recovery_amendment.json",
    "configs/dense_no_packing_state_operator_parent_publication_amendment.json",
    "configs/generated/confirmatory/manifest.json",
    "configs/generated/short-branch/manifest.json"
  ],
  "runtime_config_references": 63,
  "schema_version": 1,
  "sdist": {
    "bytes": 2854974,
    "path": "/tmp/dense-v3-portable-input-roles.eOsTxin7/dist-handoff/embedding_optimizer_study-0.1.0.tar.gz",
    "sha256": "db9c70d6bd585ddfc72391022c86abf7b262b2ac7068cda68ec6a980c9bfb08c"
  },
  "transitive_executable_config_references": 50,
  "version": "0.1.0",
  "wheel": {
    "bytes": 2762756,
    "path": "/tmp/dense-v3-portable-input-roles.eOsTxin7/dist-handoff/embedding_optimizer_study-0.1.0-py3-none-any.whl",
    "sha256": "f56ece584ece180ac26e1ff55863fd1d37d2cbdf65eea10664ac0fe1aaf558be"
  }
}
