Optimizer parameter partition: {"aux_decay": {"parameters": 38682624, "tensors": 1}, "aux_no_decay": {"parameters": 34560, "tensors": 45}, "hidden": {"parameters": 110297088, "tensors": 88}}
{'loss': '0.04176', 'grad_norm': '6.872', 'learning_rate': '0', 'epoch': '0.4444'}
{'train_runtime': '18.45', 'train_samples_per_second': '20.81', 'train_steps_per_second': '0.163', 'train_loss': '0.03597', 'epoch': '1'}
{"run_id": "verified-adamw-3e-5", "resume_step": 0, "actual_entrypoint_completed": true}
Optimizer parameter partition: {"aux_decay": {"parameters": 38682624, "tensors": 1}, "aux_no_decay": {"parameters": 34560, "tensors": 45}, "hidden": {"parameters": 110297088, "tensors": 88}}
{'train_runtime': '4.936', 'train_samples_per_second': '77.8', 'train_steps_per_second': '0.608', 'train_loss': '1.212e-06', 'epoch': '1'}
{"run_id": "verified-adamw-3e-5", "resume_step": 2, "actual_entrypoint_completed": true}
Optimizer parameter partition: {"aux_decay": {"parameters": 38682624, "tensors": 1}, "aux_no_decay": {"parameters": 34560, "tensors": 45}, "hidden": {"parameters": 110297088, "tensors": 88}}
{'loss': '0.04176', 'grad_norm': '6.872', 'learning_rate': '0', 'epoch': '0.4444'}
{'train_runtime': '13.25', 'train_samples_per_second': '28.99', 'train_steps_per_second': '0.226', 'train_loss': '0.04589', 'epoch': '1'}
{"run_id": "verified-muon-3e-4", "resume_step": 0, "actual_entrypoint_completed": true}
Optimizer parameter partition: {"aux_decay": {"parameters": 38682624, "tensors": 1}, "aux_no_decay": {"parameters": 34560, "tensors": 45}, "hidden": {"parameters": 110297088, "tensors": 88}}
{'train_runtime': '3.499', 'train_samples_per_second': '109.8', 'train_steps_per_second': '0.857', 'train_loss': '0.009917', 'epoch': '1'}
{"run_id": "verified-muon-3e-4", "resume_step": 2, "actual_entrypoint_completed": true}
Optimizer parameter partition: {"aux_decay": {"parameters": 38682624, "tensors": 1}, "aux_no_decay": {"parameters": 34560, "tensors": 45}, "hidden": {"parameters": 110297088, "tensors": 88}}
{'loss': '0.04176', 'grad_norm': '6.872', 'learning_rate': '0', 'epoch': '0.4444'}
{'train_runtime': '12.82', 'train_samples_per_second': '29.95', 'train_steps_per_second': '0.234', 'train_loss': '0.04731', 'epoch': '1'}
{"run_id": "verified-normuon-3e-4", "resume_step": 0, "actual_entrypoint_completed": true}
Optimizer parameter partition: {"aux_decay": {"parameters": 38682624, "tensors": 1}, "aux_no_decay": {"parameters": 34560, "tensors": 45}, "hidden": {"parameters": 110297088, "tensors": 88}}
{'train_runtime': '3.453', 'train_samples_per_second': '111.2', 'train_steps_per_second': '0.869', 'train_loss': '0.01134', 'epoch': '1'}
{"run_id": "verified-normuon-3e-4", "resume_step": 2, "actual_entrypoint_completed": true}
