{
  "complete": true,
  "declared_console_scripts": 103,
  "declared_data_files": 213,
  "package_modules": 207,
  "problems": [],
  "project": "embedding-optimizer-study",
  "repository_only_provenance_config_references": [
    "configs/dense_no_packing_state_operator_handoff_repairs_amendment.json",
    "configs/dense_no_packing_state_operator_main_recovery_amendment.json",
    "configs/dense_no_packing_state_operator_parent_publication_amendment.json",
    "configs/generated/confirmatory/manifest.json",
    "configs/generated/short-branch/manifest.json"
  ],
  "runtime_config_references": 63,
  "schema_version": 1,
  "sdist": {
    "bytes": 2854701,
    "path": "/tmp/dense-v3-portable-input-roles.eOsTxin7/dist-clean/embedding_optimizer_study-0.1.0.tar.gz",
    "sha256": "895248a9660f911e5107695602faa7ebd6e9dd14ee91576b6dc89b204c85f722"
  },
  "transitive_executable_config_references": 50,
  "version": "0.1.0",
  "wheel": {
    "bytes": 2762397,
    "path": "/tmp/dense-v3-portable-input-roles.eOsTxin7/dist-clean/embedding_optimizer_study-0.1.0-py3-none-any.whl",
    "sha256": "11ed99d4f83ae05b1cc070ad4e453dd3331aa884c19b77cfa868e4dd867f53c2"
  }
}
