Optimizer parameter partition: {"aux_decay": {"parameters": 38682624, "tensors": 1}, "aux_no_decay": {"parameters": 34560, "tensors": 45}, "hidden": {"parameters": 110297088, "tensors": 88}}
{'loss': '0.04176', 'grad_norm': '6.872', 'learning_rate': '0', 'epoch': '0.4444'}
{'train_runtime': '22.31', 'train_samples_per_second': '17.21', 'train_steps_per_second': '0.134', 'train_loss': '0.03597', 'epoch': '1'}
{"run_id": "verified-adamw-3e-5", "resume_step": 0, "actual_entrypoint_completed": true}
Optimizer parameter partition: {"aux_decay": {"parameters": 38682624, "tensors": 1}, "aux_no_decay": {"parameters": 34560, "tensors": 45}, "hidden": {"parameters": 110297088, "tensors": 88}}
{'train_runtime': '5.552', 'train_samples_per_second': '69.17', 'train_steps_per_second': '0.54', 'train_loss': '1.212e-06', 'epoch': '1'}
{"run_id": "verified-adamw-3e-5", "resume_step": 2, "actual_entrypoint_completed": true}
Optimizer parameter partition: {"aux_decay": {"parameters": 38682624, "tensors": 1}, "aux_no_decay": {"parameters": 34560, "tensors": 45}, "hidden": {"parameters": 110297088, "tensors": 88}}
{'loss': '0.04176', 'grad_norm': '6.872', 'learning_rate': '0', 'epoch': '0.4444'}
{'train_runtime': '16.65', 'train_samples_per_second': '23.07', 'train_steps_per_second': '0.18', 'train_loss': '0.04589', 'epoch': '1'}
{"run_id": "verified-muon-3e-4", "resume_step": 0, "actual_entrypoint_completed": true}
Optimizer parameter partition: {"aux_decay": {"parameters": 38682624, "tensors": 1}, "aux_no_decay": {"parameters": 34560, "tensors": 45}, "hidden": {"parameters": 110297088, "tensors": 88}}
{'train_runtime': '4.668', 'train_samples_per_second': '82.27', 'train_steps_per_second': '0.643', 'train_loss': '0.009917', 'epoch': '1'}
{"run_id": "verified-muon-3e-4", "resume_step": 2, "actual_entrypoint_completed": true}
Optimizer parameter partition: {"aux_decay": {"parameters": 38682624, "tensors": 1}, "aux_no_decay": {"parameters": 34560, "tensors": 45}, "hidden": {"parameters": 110297088, "tensors": 88}}
{'loss': '0.04176', 'grad_norm': '6.872', 'learning_rate': '0', 'epoch': '0.4444'}
{'train_runtime': '16.51', 'train_samples_per_second': '23.25', 'train_steps_per_second': '0.182', 'train_loss': '0.04731', 'epoch': '1'}
{"run_id": "verified-normuon-3e-4", "resume_step": 0, "actual_entrypoint_completed": true}
Optimizer parameter partition: {"aux_decay": {"parameters": 38682624, "tensors": 1}, "aux_no_decay": {"parameters": 34560, "tensors": 45}, "hidden": {"parameters": 110297088, "tensors": 88}}
{'train_runtime': '4.591', 'train_samples_per_second': '83.64', 'train_steps_per_second': '0.653', 'train_loss': '0.01134', 'epoch': '1'}
{"run_id": "verified-normuon-3e-4", "resume_step": 2, "actual_entrypoint_completed": true}
