{
  "complete": true,
  "declared_console_scripts": 103,
  "declared_data_files": 213,
  "package_modules": 207,
  "problems": [],
  "project": "embedding-optimizer-study",
  "repository_only_provenance_config_references": [
    "configs/dense_no_packing_state_operator_handoff_repairs_amendment.json",
    "configs/dense_no_packing_state_operator_main_recovery_amendment.json",
    "configs/dense_no_packing_state_operator_parent_publication_amendment.json",
    "configs/generated/confirmatory/manifest.json",
    "configs/generated/short-branch/manifest.json"
  ],
  "runtime_config_references": 63,
  "schema_version": 1,
  "sdist": {
    "bytes": 2854942,
    "path": "/tmp/dense-v3-portable-input-roles.eOsTxin7/dist-final/embedding_optimizer_study-0.1.0.tar.gz",
    "sha256": "2d0bd01b53bbcad268a0a69b6aafe6c4e559d293a36e9d3b12342b0a67248803"
  },
  "transitive_executable_config_references": 50,
  "version": "0.1.0",
  "wheel": {
    "bytes": 2762750,
    "path": "/tmp/dense-v3-portable-input-roles.eOsTxin7/dist-final/embedding_optimizer_study-0.1.0-py3-none-any.whl",
    "sha256": "bd4c9fc861d776574c55971041a1979e093b0f43270e48933c4ff7860eb79942"
  }
}
