Using Python 3.12.3 environment at: /tmp/dense-v3-release-transition.zFMpOKti/ci-resolution-only-venv
Resolved 113 packages in 969ms
Would download 42 packages
Would install 113 packages
 + accelerate==1.13.0
 + aiohappyeyeballs==2.7.1
 + aiohttp==3.14.3
 + aiosignal==1.4.0
 + annotated-doc==0.0.5
 + annotated-types==0.8.0
 + anyio==4.14.2
 + attrs==26.1.0
 + certifi==2026.7.22
 + charset-normalizer==3.5.1
 + click==8.5.0
 + contourpy==1.3.3
 + coverage==7.16.0
 + cycler==0.12.1
 + datasets==4.8.4
 + dill==0.4.1
 + fast-plaid==1.6.0.290
 + fastkmeans==0.5.0
 + filelock==3.32.4
 + fonttools==4.63.0
 + frozenlist==1.8.0
 + fsspec==2026.2.0
 + gitdb==4.0.12
 + gitpython==3.1.61
 + h11==0.16.0
 + hf-xet==1.6.0
 + httpcore==1.0.9
 + httpx==0.28.1
 + huggingface-hub==1.29.0
 + idna==3.19
 + iniconfig==2.3.0
 + jinja2==3.1.6
 + joblib==1.5.3
 + kiwisolver==1.5.1
 + late-interaction-kernels==0.4.5
 + markdown-it-py==4.2.0
 + markupsafe==3.0.3
 + matplotlib==3.11.1
 + mdurl==0.1.2
 + mpmath==1.3.0
 + mteb==2.18.16
 + multidict==6.7.1
 + multiprocess==0.70.19
 + narwhals==2.25.0
 + networkx==3.6.1
 + ninja==1.11.1.4
 + numkong==7.8.1
 + numpy==2.5.2
 + nvidia-cublas-cu12==12.9.1.4
 + nvidia-cuda-cupti-cu12==12.9.79
 + nvidia-cuda-nvrtc-cu12==12.9.86
 + nvidia-cuda-runtime-cu12==12.9.79
 + nvidia-cudnn-cu12==9.10.2.21
 + nvidia-cufft-cu12==11.4.1.4
 + nvidia-cufile-cu12==1.14.1.1
 + nvidia-curand-cu12==10.3.10.19
 + nvidia-cusolver-cu12==11.7.5.82
 + nvidia-cusparse-cu12==12.5.10.65
 + nvidia-cusparselt-cu12==0.7.1
 + nvidia-nccl-cu12==2.27.5
 + nvidia-nvjitlink-cu12==12.9.86
 + nvidia-nvshmem-cu12==3.3.20
 + nvidia-nvtx-cu12==12.9.79
 + packaging==26.3
 + pandas==3.0.5
 + pillow==12.3.0
 + platformdirs==4.11.5
 + pluggy==1.6.0
 + polars==1.44.1
 + polars-runtime-32==1.44.1
 + propcache==0.5.2
 + protobuf==7.36.0
 + psutil==7.2.2
 + pyarrow==23.0.1
 + pydantic==2.13.5
 + pydantic-core==2.46.5
 + pygments==2.21.0
 + pylate==1.6.0
 + pyparsing==3.3.2
 + pytest==9.1.1
 + pytest-cov==7.1.0
 + python-dateutil==2.9.0.post0
 + pytrec-eval-terrier==0.5.10
 + pyyaml==6.0.3
 + regex==2026.8.31
 + requests==2.34.2
 + rich==15.0.0
 + ruff==0.16.5
 + safetensors==0.8.0
 + scikit-learn==1.9.0
 + scipy==1.18.1
 + sentence-transformers==5.7.0
 + sentry-sdk==2.68.1
 + setuptools==84.0.0
 + shellingham==1.5.4
 + six==1.17.0
 + smmap==5.0.3
 + sympy==1.14.0
 + threadpoolctl==3.6.0
 + tokenizers==0.22.2
 + torch==2.9.1+cu129
 + tqdm==4.70.0
 + transformers==5.3.0
 + triton==3.5.1
 + typer==0.27.2
 + typing-extensions==4.16.0
 + typing-inspection==0.4.4
 + ujson==5.12.0
 + urllib3==2.7.0
 + usearch==2.26.0
 + wandb==0.26.1
 + xxhash==4.0.1
 + yarl==1.24.5
