/usr/local/lib/python3.12/dist-packages/torch/cuda/__init__.py:63: FutureWarning: The pynvml package is deprecated. Please install nvidia-ml-py instead. If you did not install pynvml directly, please report this to the maintainers of the package that installed pynvml for you.
  import pynvml  # type: ignore[import]
{
  "problems": [],
  "runtime": {
    "packages": {
      "accelerate": "1.13.0",
      "datasets": "4.8.4",
      "fast-plaid": "1.6.0.290",
      "flash-attn": "2.7.4.post1",
      "late-interaction-kernels": "0.4.5",
      "mteb": "2.18.16",
      "pylate": "1.6.0",
      "sentence-transformers": "5.7.0",
      "torch": "2.9.1+cu129",
      "transformers": "5.3.0",
      "usearch": "2.26.0",
      "wandb": "0.26.1"
    },
    "python": "3.12.3",
    "python_executable": "/usr/bin/python3.12",
    "torch_cuda": "12.9"
  },
  "valid": true
}
