F..                                                                      [100%]
=================================== FAILURES ===================================
________ test_current_tree_matches_all_twelve_original_primary_sources _________

    def test_current_tree_matches_all_twelve_original_primary_sources():
        contract = current_contract()
        source = dense_run_contract.source_identity()
        assert contract.repository == contract.training_root == ROOT
        assert len(contract.inputs["runs"]) == 12
        for run in contract.inputs["runs"]:
>           assert contract.expected_identity(run["run_id"])["source"] == source
E           AssertionError: assert {'local_files...1.28.0', ...}} == {'local_files...1.29.0', ...}}
E             
E             Omitting 2 identical items, use -vv to show
E             Differing items:
E             {'packages': {'accelerate': '1.13.0', 'datasets': '4.8.4', 'flash-attn': '2.7.4.post1', 'huggingface-hub': '1.28.0', ...}} != {'packages': {'accelerate': '1.13.0', 'datasets': '4.8.4', 'flash-attn': '2.7.4.post1', 'huggingface-hub': '1.29.0', ...}}
E             Use -v to get more diff

tests/test_current_primary_source.py:27: AssertionError
=============================== warnings summary ===============================
../../usr/local/lib/python3.12/dist-packages/torch/cuda/__init__.py:63
  /usr/local/lib/python3.12/dist-packages/torch/cuda/__init__.py:63: FutureWarning: The pynvml package is deprecated. Please install nvidia-ml-py instead. If you did not install pynvml directly, please report this to the maintainers of the package that installed pynvml for you.
    import pynvml  # type: ignore[import]

<frozen importlib._bootstrap>:488
  <frozen importlib._bootstrap>:488: DeprecationWarning: builtin type SwigPyPacked has no __module__ attribute

<frozen importlib._bootstrap>:488
  <frozen importlib._bootstrap>:488: DeprecationWarning: builtin type SwigPyObject has no __module__ attribute

-- Docs: https://docs.pytest.org/en/stable/how-to/capture-warnings.html
=========================== short test summary info ============================
FAILED tests/test_current_primary_source.py::test_current_tree_matches_all_twelve_original_primary_sources
sys:1: DeprecationWarning: builtin type swigvarlink has no __module__ attribute
