{
  "complete": true,
  "declared_console_scripts": 104,
  "declared_data_files": 215,
  "package_modules": 210,
  "problems": [],
  "project": "embedding-optimizer-study",
  "repository_only_provenance_config_references": [
    "configs/dense_no_packing_state_operator_handoff_repairs_amendment.json",
    "configs/dense_no_packing_state_operator_main_recovery_amendment.json",
    "configs/dense_no_packing_state_operator_parent_publication_amendment.json",
    "configs/generated/confirmatory/manifest.json",
    "configs/generated/short-branch/manifest.json"
  ],
  "runtime_config_references": 64,
  "schema_version": 1,
  "sdist": {
    "bytes": 2874417,
    "path": "/tmp/dense-v3-portable-factorial.KUvkU0gR/dist/embedding_optimizer_study-0.1.0.tar.gz",
    "sha256": "258909f72c9081ab25d1dd562e46e6bdadc7b83d0144e66fe800e5a46f33aba6"
  },
  "transitive_executable_config_references": 50,
  "version": "0.1.0",
  "wheel": {
    "bytes": 2778400,
    "path": "/tmp/dense-v3-portable-factorial.KUvkU0gR/dist/embedding_optimizer_study-0.1.0-py3-none-any.whl",
    "sha256": "7f426b2b4b0dc39d251d5cb3015d57706db497f23d6f41cf9cb99e3b718dd2f3"
  }
}
