{
  "complete": true,
  "declared_console_scripts": 103,
  "declared_data_files": 215,
  "package_modules": 209,
  "problems": [],
  "project": "embedding-optimizer-study",
  "repository_only_provenance_config_references": [
    "configs/dense_no_packing_state_operator_handoff_repairs_amendment.json",
    "configs/dense_no_packing_state_operator_main_recovery_amendment.json",
    "configs/dense_no_packing_state_operator_parent_publication_amendment.json",
    "configs/generated/confirmatory/manifest.json",
    "configs/generated/short-branch/manifest.json"
  ],
  "runtime_config_references": 64,
  "schema_version": 1,
  "sdist": {
    "bytes": 2869926,
    "path": "/tmp/dense-v3-numerical-integration.DUnt6osB/dist/embedding_optimizer_study-0.1.0.tar.gz",
    "sha256": "7f15f84fe3ed03fcc38582db9b84d4d6b99baf2f6fd9e4baa4c8b3987378b852"
  },
  "transitive_executable_config_references": 50,
  "version": "0.1.0",
  "wheel": {
    "bytes": 2775094,
    "path": "/tmp/dense-v3-numerical-integration.DUnt6osB/dist/embedding_optimizer_study-0.1.0-py3-none-any.whl",
    "sha256": "0fe1cad3164164ae0f7f9f75e14528978b77b02c61d54ccf69a598b602758014"
  }
}
