/tmp/ci-numerical-runtime.AQg9TtWv/venv/lib/python3.12/site-packages/torch/cuda/__init__.py:63: FutureWarning: The pynvml package is deprecated. Please install nvidia-ml-py instead. If you did not install pynvml directly, please report this to the maintainers of the package that installed pynvml for you.
  import pynvml  # type: ignore[import]
[{'numpy_version': '2.5.2',
  'python': '3.12.3 (main, Mar  3 2026, 12:15:18) [GCC 13.3.0]',
  'uname': uname_result(system='Linux', node='mlflow-training-zl8wuc-496809-n3-master-0', release='5.10.134-16.103.al8.x86_64', version='#1 SMP Fri Feb 28 19:03:39 CST 2025', machine='x86_64')},
 {'simd_extensions': {'baseline': ['X86_V2'],
                      'found': ['X86_V3', 'X86_V4', 'AVX512_ICL', 'AVX512_SPR'],
                      'not_found': []}},
 {'ignore_floating_point_errors_in_matmul': False},
 {'architecture': 'Haswell',
  'filepath': '/tmp/ci-numerical-runtime.AQg9TtWv/venv/lib/python3.12/site-packages/numpy.libs/libscipy_openblas64_-61654e39.so',
  'internal_api': 'openblas',
  'num_threads': 1,
  'prefix': 'libscipy_openblas',
  'threading_layer': 'pthreads',
  'user_api': 'blas',
  'version': '0.3.34.0.0'},
 {'filepath': '/tmp/ci-numerical-runtime.AQg9TtWv/venv/lib/python3.12/site-packages/torch/lib/libgomp.so.1',
  'internal_api': 'openmp',
  'num_threads': 1,
  'prefix': 'libgomp',
  'user_api': 'openmp',
  'version': None},
 {'architecture': 'Haswell',
  'filepath': '/tmp/ci-numerical-runtime.AQg9TtWv/venv/lib/python3.12/site-packages/scipy.libs/libscipy_openblas-5f890258.so',
  'internal_api': 'openblas',
  'num_threads': 1,
  'prefix': 'libscipy_openblas',
  'threading_layer': 'pthreads',
  'user_api': 'blas',
  'version': '0.3.31.dev'},
 {'filepath': '/tmp/ci-numerical-runtime.AQg9TtWv/venv/lib/python3.12/site-packages/scikit_learn.libs/libgomp-e985bcbb.so.1.0.0',
  'internal_api': 'openmp',
  'num_threads': 1,
  'prefix': 'libgomp',
  'user_api': 'openmp',
  'version': None}]
{"scope": "diagnostic-only-original-functional-reconstruction", "acceptance_override": false, "openblas_coretype": "Haswell", "functional_tables_exact": true, "decisions_exact": false, "original_decisions_sha256": "f41bf2a43853611f46655bb08d5313c39ac677ab45beca44c947e028e637fddc"}
differences 136
[{"path": "/bridge_numerical_diagnostics/feature_designs/0/singular_values/2", "actual": 3.8727346072431956, "expected": 3.8727346072431983, "absolute_difference": 2.6645352591003757e-15}, {"path": "/bridge_numerical_diagnostics/feature_designs/0/singular_values/3", "actual": 3.0, "expected": 3.0000000000000013, "absolute_difference": 1.3322676295501878e-15}, {"path": "/bridge_numerical_diagnostics/feature_designs/0/singular_values/4", "actual": 2.999999999999999, "expected": 3.0, "absolute_difference": 8.881784197001252e-16}, {"path": "/bridge_numerical_diagnostics/feature_designs/0/singular_values/5", "actual": 2.9548402315860987, "expected": 2.9548402315860995, "absolute_difference": 8.881784197001252e-16}, {"path": "/bridge_numerical_diagnostics/feature_designs/0/singular_values/6", "actual": 2.4458637285727756, "expected": 2.4458637285727765, "absolute_difference": 8.881784197001252e-16}]
