Optimizer parameter partition: {"aux_decay": {"parameters": 38682624, "tensors": 1}, "aux_no_decay": {"parameters": 34560, "tensors": 45}, "hidden": {"parameters": 110297088, "tensors": 88}}
{'loss': '0.04176', 'grad_norm': '6.872', 'learning_rate': '0', 'epoch': '0.4444'}
{'train_runtime': '20.13', 'train_samples_per_second': '19.07', 'train_steps_per_second': '0.149', 'train_loss': '0.03597', 'epoch': '1'}
Optimizer parameter partition: {"aux_decay": {"parameters": 38682624, "tensors": 1}, "aux_no_decay": {"parameters": 34560, "tensors": 45}, "hidden": {"parameters": 110297088, "tensors": 88}}
{'train_runtime': '12.68', 'train_samples_per_second': '30.28', 'train_steps_per_second': '0.237', 'train_loss': '0.02205', 'epoch': '1'}
{"run": "padded-adamw-3e-5", "resume_step": 1, "exact_entry_rows_rng_scheduler": true, "strict_bitwise": true}
Optimizer parameter partition: {"aux_decay": {"parameters": 38682624, "tensors": 1}, "aux_no_decay": {"parameters": 34560, "tensors": 45}, "hidden": {"parameters": 110297088, "tensors": 88}}
{'train_runtime': '5.431', 'train_samples_per_second': '70.71', 'train_steps_per_second': '0.552', 'train_loss': '1.212e-06', 'epoch': '1'}
{"run": "padded-adamw-3e-5", "resume_step": 2, "exact_entry_rows_rng_scheduler": true, "strict_bitwise": true}
Optimizer parameter partition: {"aux_decay": {"parameters": 38682624, "tensors": 1}, "aux_no_decay": {"parameters": 34560, "tensors": 45}, "hidden": {"parameters": 110297088, "tensors": 88}}
{'loss': '0.04176', 'grad_norm': '6.872', 'learning_rate': '0', 'epoch': '0.4444'}
{'train_runtime': '18.91', 'train_samples_per_second': '20.3', 'train_steps_per_second': '0.159', 'train_loss': '0.04588', 'epoch': '1'}
Optimizer parameter partition: {"aux_decay": {"parameters": 38682624, "tensors": 1}, "aux_no_decay": {"parameters": 34560, "tensors": 45}, "hidden": {"parameters": 110297088, "tensors": 88}}
{'train_runtime': '12.72', 'train_samples_per_second': '30.19', 'train_steps_per_second': '0.236', 'train_loss': '0.03196', 'epoch': '1'}
{"run": "padded-muon-3e-4", "resume_step": 1, "exact_entry_rows_rng_scheduler": true, "strict_bitwise": true}
Optimizer parameter partition: {"aux_decay": {"parameters": 38682624, "tensors": 1}, "aux_no_decay": {"parameters": 34560, "tensors": 45}, "hidden": {"parameters": 110297088, "tensors": 88}}
{'train_runtime': '5.243', 'train_samples_per_second': '73.24', 'train_steps_per_second': '0.572', 'train_loss': '0.009908', 'epoch': '1'}
{"run": "padded-muon-3e-4", "resume_step": 2, "exact_entry_rows_rng_scheduler": true, "strict_bitwise": true}
Optimizer parameter partition: {"aux_decay": {"parameters": 38682624, "tensors": 1}, "aux_no_decay": {"parameters": 34560, "tensors": 45}, "hidden": {"parameters": 110297088, "tensors": 88}}
{'loss': '0.04176', 'grad_norm': '6.872', 'learning_rate': '0', 'epoch': '0.4444'}
{'train_runtime': '18.76', 'train_samples_per_second': '20.46', 'train_steps_per_second': '0.16', 'train_loss': '0.04715', 'epoch': '1'}
Optimizer parameter partition: {"aux_decay": {"parameters": 38682624, "tensors": 1}, "aux_no_decay": {"parameters": 34560, "tensors": 45}, "hidden": {"parameters": 110297088, "tensors": 88}}
{'train_runtime': '12.03', 'train_samples_per_second': '31.92', 'train_steps_per_second': '0.249', 'train_loss': '0.03323', 'epoch': '1'}
{"run": "padded-normuon-3e-4", "resume_step": 1, "exact_entry_rows_rng_scheduler": true, "strict_bitwise": true}
Optimizer parameter partition: {"aux_decay": {"parameters": 38682624, "tensors": 1}, "aux_no_decay": {"parameters": 34560, "tensors": 45}, "hidden": {"parameters": 110297088, "tensors": 88}}
{'train_runtime': '5.091', 'train_samples_per_second': '75.43', 'train_steps_per_second': '0.589', 'train_loss': '0.01118', 'epoch': '1'}
{"run": "padded-normuon-3e-4", "resume_step": 2, "exact_entry_rows_rng_scheduler": true, "strict_bitwise": true}
