/usr/local/lib/python3.12/dist-packages/torch/cuda/__init__.py:63: FutureWarning: The pynvml package is deprecated. Please install nvidia-ml-py instead. If you did not install pynvml directly, please report this to the maintainers of the package that installed pynvml for you.
  import pynvml  # type: ignore[import]
{"event": "functional_features_verified", "cell": "pretrained", "verified_states": 1}
{"event": "functional_features_verified", "cell": "verified-v3-adamw-1e-5/checkpoint-782", "verified_states": 2}
{"event": "functional_features_verified", "cell": "verified-v3-adamw-1e-5/checkpoint-1563", "verified_states": 3}
{"event": "functional_features_verified", "cell": "verified-v3-adamw-1e-5/checkpoint-2345", "verified_states": 4}
{"event": "functional_features_verified", "cell": "verified-v3-adamw-1e-5/checkpoint-3126", "verified_states": 5}
{"event": "functional_features_verified", "cell": "verified-v3-adamw-1e-5/checkpoint-3907", "verified_states": 6}
{"event": "functional_features_verified", "cell": "verified-v3-adamw-1e-6/checkpoint-782", "verified_states": 7}
{"event": "functional_features_verified", "cell": "verified-v3-adamw-1e-6/checkpoint-1563", "verified_states": 8}
{"event": "functional_features_verified", "cell": "verified-v3-adamw-1e-6/checkpoint-2345", "verified_states": 9}
{"event": "functional_features_verified", "cell": "verified-v3-adamw-1e-6/checkpoint-3126", "verified_states": 10}
{"event": "functional_features_verified", "cell": "verified-v3-adamw-1e-6/checkpoint-3907", "verified_states": 11}
{"event": "functional_features_verified", "cell": "verified-v3-adamw-3e-5/checkpoint-782", "verified_states": 12}
{"event": "functional_features_verified", "cell": "verified-v3-adamw-3e-5/checkpoint-1563", "verified_states": 13}
{"event": "functional_features_verified", "cell": "verified-v3-adamw-3e-5/checkpoint-2345", "verified_states": 14}
{"event": "functional_features_verified", "cell": "verified-v3-adamw-3e-5/checkpoint-3126", "verified_states": 15}
{"event": "functional_features_verified", "cell": "verified-v3-adamw-3e-5/checkpoint-3907", "verified_states": 16}
{"event": "functional_features_verified", "cell": "verified-v3-adamw-3e-6/checkpoint-782", "verified_states": 17}
{"event": "functional_features_verified", "cell": "verified-v3-adamw-3e-6/checkpoint-1563", "verified_states": 18}
{"event": "functional_features_verified", "cell": "verified-v3-adamw-3e-6/checkpoint-2345", "verified_states": 19}
{"event": "functional_features_verified", "cell": "verified-v3-adamw-3e-6/checkpoint-3126", "verified_states": 20}
{"event": "functional_features_verified", "cell": "verified-v3-adamw-3e-6/checkpoint-3907", "verified_states": 21}
{"event": "functional_features_verified", "cell": "verified-v3-muon-1e-3/checkpoint-782", "verified_states": 22}
{"event": "functional_features_verified", "cell": "verified-v3-muon-1e-3/checkpoint-1563", "verified_states": 23}
{"event": "functional_features_verified", "cell": "verified-v3-muon-1e-3/checkpoint-2345", "verified_states": 24}
{"event": "functional_features_verified", "cell": "verified-v3-muon-1e-3/checkpoint-3126", "verified_states": 25}
{"event": "functional_features_verified", "cell": "verified-v3-muon-1e-3/checkpoint-3907", "verified_states": 26}
{"event": "functional_features_verified", "cell": "verified-v3-muon-1e-4/checkpoint-782", "verified_states": 27}
{"event": "functional_features_verified", "cell": "verified-v3-muon-1e-4/checkpoint-1563", "verified_states": 28}
{"event": "functional_features_verified", "cell": "verified-v3-muon-1e-4/checkpoint-2345", "verified_states": 29}
{"event": "functional_features_verified", "cell": "verified-v3-muon-1e-4/checkpoint-3126", "verified_states": 30}
{"event": "functional_features_verified", "cell": "verified-v3-muon-1e-4/checkpoint-3907", "verified_states": 31}
{"event": "functional_features_verified", "cell": "verified-v3-muon-3e-3/checkpoint-782", "verified_states": 32}
{"event": "functional_features_verified", "cell": "verified-v3-muon-3e-3/checkpoint-1563", "verified_states": 33}
{"event": "functional_features_verified", "cell": "verified-v3-muon-3e-3/checkpoint-2345", "verified_states": 34}
{"event": "functional_features_verified", "cell": "verified-v3-muon-3e-3/checkpoint-3126", "verified_states": 35}
{"event": "functional_features_verified", "cell": "verified-v3-muon-3e-3/checkpoint-3907", "verified_states": 36}
{"event": "functional_features_verified", "cell": "verified-v3-muon-3e-4/checkpoint-782", "verified_states": 37}
{"event": "functional_features_verified", "cell": "verified-v3-muon-3e-4/checkpoint-1563", "verified_states": 38}
{"event": "functional_features_verified", "cell": "verified-v3-muon-3e-4/checkpoint-2345", "verified_states": 39}
{"event": "functional_features_verified", "cell": "verified-v3-muon-3e-4/checkpoint-3126", "verified_states": 40}
{"event": "functional_features_verified", "cell": "verified-v3-muon-3e-4/checkpoint-3907", "verified_states": 41}
{"event": "functional_features_verified", "cell": "verified-v3-normuon-1e-3/checkpoint-782", "verified_states": 42}
{"event": "functional_features_verified", "cell": "verified-v3-normuon-1e-3/checkpoint-1563", "verified_states": 43}
{"event": "functional_features_verified", "cell": "verified-v3-normuon-1e-3/checkpoint-2345", "verified_states": 44}
{"event": "functional_features_verified", "cell": "verified-v3-normuon-1e-3/checkpoint-3126", "verified_states": 45}
{"event": "functional_features_verified", "cell": "verified-v3-normuon-1e-3/checkpoint-3907", "verified_states": 46}
{"event": "functional_features_verified", "cell": "verified-v3-normuon-1e-4/checkpoint-782", "verified_states": 47}
{"event": "functional_features_verified", "cell": "verified-v3-normuon-1e-4/checkpoint-1563", "verified_states": 48}
{"event": "functional_features_verified", "cell": "verified-v3-normuon-1e-4/checkpoint-2345", "verified_states": 49}
{"event": "functional_features_verified", "cell": "verified-v3-normuon-1e-4/checkpoint-3126", "verified_states": 50}
{"event": "functional_features_verified", "cell": "verified-v3-normuon-1e-4/checkpoint-3907", "verified_states": 51}
{"event": "functional_features_verified", "cell": "verified-v3-normuon-3e-3/checkpoint-782", "verified_states": 52}
{"event": "functional_features_verified", "cell": "verified-v3-normuon-3e-3/checkpoint-1563", "verified_states": 53}
{"event": "functional_features_verified", "cell": "verified-v3-normuon-3e-3/checkpoint-2345", "verified_states": 54}
{"event": "functional_features_verified", "cell": "verified-v3-normuon-3e-3/checkpoint-3126", "verified_states": 55}
{"event": "functional_features_verified", "cell": "verified-v3-normuon-3e-3/checkpoint-3907", "verified_states": 56}
{"event": "functional_features_verified", "cell": "verified-v3-normuon-3e-4/checkpoint-782", "verified_states": 57}
{"event": "functional_features_verified", "cell": "verified-v3-normuon-3e-4/checkpoint-1563", "verified_states": 58}
{"event": "functional_features_verified", "cell": "verified-v3-normuon-3e-4/checkpoint-2345", "verified_states": 59}
{"event": "functional_features_verified", "cell": "verified-v3-normuon-3e-4/checkpoint-3126", "verified_states": 60}
{"event": "functional_features_verified", "cell": "verified-v3-normuon-3e-4/checkpoint-3907", "verified_states": 61}
{"completed_at_utc": "2026-09-12T15:39:10.034963+00:00", "fresh_raw_vector_recomputation": true, "input_vectors": {"bytes": 14712, "path": "/root/embedding-optimizer-v3-experiment/analyses/dense-primary-v3-functional-dimensions-recovery-v1/vectors/manifest.json", "sha256": "9bf90d652d54ee6b9b571bf9dc88cd919da8c78bb70db0d476e307733e8c23e7"}, "manifest": {"bytes": 16897, "path": "/root/embedding-optimizer-v3-experiment/analyses/dense-primary-v3-functional-features-recovery-v3/manifest.json", "sha256": "a5ef6021dc9ab535c5888e753f0a1397406a614f229894db28bd6c802f7353f5"}, "owner_approval": {"bytes": 630, "sha256": "4c151939a90937f27488620291f64d58105dc1f1a8e962eaa7e3949379113514"}, "prior_vector_authorization_sha256": "50414c3541ea3031c4388c9b21274b33faf0676ce74abd44d3ccd1bfea398122", "scientific_completion": false, "scope": "owner_authorized_cpu_functional_features_recovery_20260912", "source_sha256": "694069c2d0e2866bba1126ea891cc9360ff03923691afa26ae04724165d35d9f", "states": 61, "table_counts": {"checkpoint_summary": 61, "random_removal": 68320, "rotation_summary": 546, "task_summary": 854}, "tests": {"bytes": 429, "sha256": "e3083be2dad6970c24b728efe626dd18be7182d90d498a12fb5a0ac89332ffd1"}}
