Fetching 187 files:   0%|          | 0/187 [00:00<?, ?it/s]Fetching 187 files: 100%|██████████| 187/187 [00:00<00:00, 3836.71it/s]
Reconstructing fiqa: 32 queries
Reconstructing hotpotqa: 32 queries
Reconstructing msmarco: 32 queries
Reconstructing nq: 32 queries
Reconstructing fever: 32 queries
Reconstructing squadv2: 32 queries
Reconstructing trivia: 32 queries
{
  "candidate_rows": 458976,
  "manifest_sha256": "3c17829a9ef3475d34ca50647370d87837b168a04d7c56c660e6c8318b706ef9",
  "negative_widths": [
    7,
    10,
    32,
    128,
    512,
    2048
  ],
  "protocol_sha256": "e77802c16b07331618ac86e3cce677a6d848f0ef1ad9a0e8c58628d0e19c4ec5",
  "queries": 224,
  "row_manifest_sha256": "93f0dfa1a33aeaa85d5b9118978f0861ad216ab8562abc702fb5bab352ee60d3",
  "schema_version": 1,
  "source_repo": "lightonai/embeddings-fine-tuning",
  "source_revision": "1ca463331ed637d25c1058567e932e0d3bad2983",
  "status": "complete",
  "upstream_reconstruction_verified": true,
  "validation_manifest_sha256": "a3e574c472131116a4381a3c919121923412677ffdd5b56a5dd596b694b157aa",
  "validation_rows_sha256": "a42ceb54123091ca70ee58a83bcbf32f3cad43c2ec77e64031e9c9c24284c4e0",
  "validation_spec_sha256": "a7e20fd3ebb3477a7104bae322bf2fb5340ad47fe1377bcf20e923b64697d2d1"
}
