{
  "claim_boundary": "This diagnostic was designed after the shortlist-corpus gap was observed. It is post hoc mechanism evidence and cannot replace the frozen three-seed full-corpus optimizer comparison. Mined candidates have one designated positive; unjudged relevance among other candidates is a limitation.",
  "decision": {
    "baseline_reproduction_pass": false,
    "decision": "not_supported",
    "halfway_attenuation_pass": false,
    "width_2048_reversal_pass": false,
    "width_7_ordering_pass": false
  },
  "outputs": {
    "blog": {
      "block_bytes": 2345,
      "block_sha256": "07feda3117d260f777f52a2e1faed92defd1ea7991d362020217e8b1d8f89024",
      "markers": [
        "<!-- CANDIDATE-BREADTH:BEGIN -->",
        "<!-- CANDIDATE-BREADTH:END -->"
      ],
      "path": "docs/blog.md"
    },
    "paper_tex": {
      "bytes": 3119,
      "path": "paper/generated/candidate-breadth.tex",
      "sha256": "95dc252200125093930a4088036dcf759c6ad6a15774524775543d31932b73ad"
    }
  },
  "protocol": {
    "bytes": 5469,
    "path": "configs/candidate_breadth_probe.json",
    "sha256": "e77802c16b07331618ac86e3cce677a6d848f0ef1ad9a0e8c58628d0e19c4ec5"
  },
  "role": "post_hoc_mechanism_diagnostic",
  "schema_version": 1,
  "status": "complete",
  "summary": {
    "bytes": 5309,
    "path": "reports/candidate-breadth/summary.json",
    "sha256": "6d164038c8f3de72a3d61f99edff884eb7ba08d9e8423335b01627627af660b2"
  },
  "summary_outputs": {
    "calibration": {
      "bytes": 884,
      "path": "reports/candidate-breadth/calibration_by_width.csv",
      "sha256": "d1881c5bc3a532a2f48b8f0cdba9b5a8a3419401803805709c47cf3f4405bf3a"
    },
    "contrasts": {
      "bytes": 4496,
      "path": "reports/candidate-breadth/high_dose_contrasts.csv",
      "sha256": "d15abba24d9402d6e2eb0c0357d7bbf3e87c256afbd52600f99af2da842a29fd"
    },
    "figure_pdf": {
      "bytes": 29931,
      "path": "reports/candidate-breadth/candidate_breadth_calibration.pdf",
      "sha256": "0e33251cacc5e676d1a9b190e5a1860614e1c5b078e8e62540e0426e4d307efb"
    },
    "figure_svg": {
      "bytes": 117992,
      "path": "reports/candidate-breadth/candidate_breadth_calibration.svg",
      "sha256": "612e4ff5637ba1c34838fe71c0ad7997437005421ae41898e881b67d2550aafc"
    }
  }
}
