{
  "causal_chain": {
    "dose_band": {
      "bytes": 7209,
      "claim_boundary": "The transplant randomizes spectral components at fixed weights and can identify immediate functional effects. Its task-aligned forward prediction is out-of-run evidence for a causal-chain bridge, but it is not a trained spectral-operator intervention and cannot by itself identify formal mediation of final BEIR gains.",
      "claimable": true,
      "path": "reports/dose-band/summary_manifest.json",
      "sha256": "a0424e8562b9eeb64892510bb18b3ce5a3684ce30e32bc5eaf4d5b010b11c9e6",
      "status": "negative",
      "supported": false
    },
    "temporal_short_branch": {
      "bytes": 2641,
      "claim_boundary": "The shared-start randomization identifies optimizer-level accumulated effects. The post-treatment spectral predictor analysis is a small-sample, falsifiable causal-chain triangulation, not a formally identified causal mediation estimate.",
      "claimable": true,
      "path": "reports/temporal-short-branch/summary_manifest.json",
      "sha256": "a9983f246b7315e343b9aad7a7e09240d0ffd99b776428fe5248b58225b8da4a",
      "status": "negative",
      "supported": false
    }
  },
  "causal_chain_display": {
    "compact_markdown_sha256": "f0d6fa0a3b602afbe5454bbb849d8ac805a11e02a8bc1ea8dff5e0379ff330ff",
    "complete": true,
    "dose_anchors": 10,
    "dose_bridge_rows": 2,
    "dose_criteria": 4,
    "dose_heldout_rows": 84,
    "dose_rmse_rows": 5,
    "evidence_sha256": "e9a6843790fef4404643c75753118349dec2d438155ceeb47ced5ca8de59c4ae",
    "full_markdown_sha256": "e224aa23bbd814ad11aa411d9a9a9979c9bc09af8c2d14c9cec5a7e9bbc719e8",
    "latex_sha256": "a5b0eef96fe8dfc151f0410a9e9e4910d0e1e6cc17e6e5e516e0b3759c00e885",
    "overall_verdict": "not_supported_claimable_negative",
    "source_tables": 5,
    "temporal_criteria": 5,
    "temporal_estimates": 16,
    "temporal_loso_rows": 96,
    "temporal_paired_rows": 6
  },
  "claim_boundary": "These macros report the complete prespecified contrasts and interval classifications; they do not convert descriptive checkpoint associations into causal evidence. The tail and spectrum-versus-basis tables are explicitly post-hoc causal decomposition at fixed states and do not establish mediation of the full-training BEIR outcome.",
  "claim_protocol": {
    "bytes": 10889,
    "frozen_at": "2026-08-26T17:49:04Z",
    "path": "configs/paper_claim_protocol.json",
    "sha256": "0ddff916eccedbe493b41a07538d0e4e9e058a784f5440e10d688f5270609949",
    "status": "prospective_completion_lock"
  },
  "complete": true,
  "conclusion": {
    "causal": {
      "dose_band": "negative",
      "overall": "not_supported_claimable_negative",
      "temporal": "negative"
    },
    "classifications": {
      "DenseOn": {
        "Muon - AdamW": "negative",
        "NorMuon - AdamW": "negative"
      }
    },
    "markdown": "Validation-frozen three-seed DenseOn: Muon versus AdamW: negative, -0.0306 nDCG@10 (familywise 95% CI [-0.0464, -0.0138]); NorMuon versus AdamW: negative, -0.0304 nDCG@10 (familywise 95% CI [-0.0446, -0.0138]). The routing-matched hybrid AdamW minus native AdamW averaged +0.0001 across DenseOn's four rates (3 positive, 1 negative, and 0 zero learning-rate points), descriptive evidence about parameter routing as an alternative explanation. Frozen shared-start tail endpoints for DenseOn: Muon: mixed; NorMuon: mixed. The temporal bridge was a claimable negative, the fixed-state chain was a claimable negative, and their joint spectral-component account was a claimable negative; this rejects only the tested mechanism, not formal mediation or a universal optimizer ranking.",
    "plain": "Validation-frozen three-seed DenseOn: Muon versus AdamW: negative, -0.0306 nDCG@10 (familywise 95% CI [-0.0464, -0.0138]); NorMuon versus AdamW: negative, -0.0304 nDCG@10 (familywise 95% CI [-0.0446, -0.0138]). The routing-matched hybrid AdamW minus native AdamW averaged +0.0001 across DenseOn's four rates (3 positive, 1 negative, and 0 zero learning-rate points), descriptive evidence about parameter routing as an alternative explanation. Frozen shared-start tail endpoints for DenseOn: Muon: mixed; NorMuon: mixed. The temporal bridge was a claimable negative, the fixed-state chain was a claimable negative, and their joint spectral-component account was a claimable negative; this rejects only the tested mechanism, not formal mediation or a universal optimizer ranking.",
    "routing_controls": {
      "DenseOn": {
        "learning_rates": 4,
        "mean_delta_ndcg_at_10": "+0.0001",
        "negative_learning_rates": 1,
        "positive_learning_rates": 3,
        "zero_learning_rates": 0
      }
    },
    "status": "complete",
    "tail_decisions": {
      "DenseOn": {
        "Muon": "mixed",
        "NorMuon": "mixed"
      }
    }
  },
  "conclusion_macro": {
    "name": "ResultConclusion",
    "value": "Validation-frozen three-seed DenseOn: Muon versus AdamW: negative, -0.0306 nDCG@10 (familywise 95\\% CI [-0.0464, -0.0138]); NorMuon versus AdamW: negative, -0.0304 nDCG@10 (familywise 95\\% CI [-0.0446, -0.0138]). The routing-matched hybrid AdamW minus native AdamW averaged +0.0001 across DenseOn's four rates (3 positive, 1 negative, and 0 zero learning-rate points), descriptive evidence about parameter routing as an alternative explanation. Frozen shared-start tail endpoints for DenseOn: Muon: mixed; NorMuon: mixed. The temporal bridge was a claimable negative, the fixed-state chain was a claimable negative, and their joint spectral-component account was a claimable negative; this rejects only the tested mechanism, not formal mediation or a universal optimizer ranking."
  },
  "dynamics_extension": {
    "blog": {
      "block_bytes": 1640,
      "block_sha256": "446e5915823d70fe57db9b9f9987852b372a84903723cb3eb57c6cf786b3f4b1",
      "markers": [
        "<!-- DENSE-RETRIEVAL-DYNAMICS:BEGIN -->",
        "<!-- DENSE-RETRIEVAL-DYNAMICS:END -->"
      ],
      "path": "docs/blog.md"
    },
    "figure_pdf": {
      "bytes": 30000,
      "path": "reports/dense-retrieval-dynamics/five_stage_retrieval_dynamics.pdf",
      "sha256": "db310530d9b5fc60a8a43761d9fc52d26ef8ad9550b7bc932a50f523af039edd"
    },
    "figure_svg": {
      "bytes": 123395,
      "path": "reports/dense-retrieval-dynamics/five_stage_retrieval_dynamics.svg",
      "sha256": "9bb43a01da4f89e73ff6826b83d2d8d579fd2869475b2dc0fed027d5a627ad97"
    },
    "formal_inference_reads_joined_outputs": false,
    "generated_tex": {
      "bytes": 1684,
      "path": "paper/generated/retrieval-dynamics-extension.tex",
      "sha256": "025f3b160f75d14b032d7a56bcd416683ecbc033831d36947f01a702599883d5"
    },
    "manifest": {
      "bytes": 350830,
      "path": "reports/dense-retrieval-dynamics/summary_manifest.json",
      "sha256": "6f5d369263af719997161d76b0f8fbd0b6f940a6ee2e87393ed8f83d27d28e4d"
    },
    "role": "descriptive-only",
    "summary_rows": [
      [
        "Hybrid AdamW",
        "4",
        "0.5684",
        "0.5765",
        "0.5794",
        "0.5810",
        "0.5817"
      ],
      [
        "Confirmatory AdamW",
        "3",
        "0.5840",
        "0.5884",
        "0.5897",
        "0.5907",
        "0.5905"
      ],
      [
        "Confirmatory Muon",
        "3",
        "0.5328",
        "0.5296",
        "0.5337",
        "0.5540",
        "0.5599"
      ],
      [
        "Confirmatory NorMuon",
        "3",
        "0.5407",
        "0.5360",
        "0.5437",
        "0.5548",
        "0.5601"
      ]
    ],
    "trajectory_csv": {
      "bytes": 16502,
      "path": "reports/dense-retrieval-dynamics/five_stage_retrieval_dynamics.csv",
      "sha256": "66f826875adb470a54aac3852eb84d19d1998674fba6fa1ae0e68deae4cd314e"
    }
  },
  "evidence_manifests": [
    {
      "bytes": 53403,
      "path": "reports/basis-sensitivity/summary_manifest.json",
      "sha256": "236f7bd9f810c9507bc8bb8cf33b14362fc143e54f0b2ca55e6811743e067e2d"
    },
    {
      "bytes": 15973,
      "path": "reports/common-state/summary_manifest.json",
      "sha256": "d4bea7b45cf5b985b46eb72fea724dff400a92a9a6301e7a8bdf1689bb1218b1"
    },
    {
      "bytes": 55456,
      "path": "reports/confirmatory/summary_manifest.json",
      "sha256": "7a1c05eba176f82ba8732159dc330b8d8b62f67075ab82c5ffb88be6caf3915d"
    },
    {
      "bytes": 6065,
      "path": "reports/dense-discovery/coverage.json",
      "sha256": "b04c8c558127e544a687988333449a07024f87138dcc7b5d51c22fd97d09ba36"
    },
    {
      "bytes": 350830,
      "path": "reports/dense-retrieval-dynamics/summary_manifest.json",
      "sha256": "6f5d369263af719997161d76b0f8fbd0b6f940a6ee2e87393ed8f83d27d28e4d"
    },
    {
      "bytes": 13494,
      "path": "reports/functional-intervention/manifest.json",
      "sha256": "34665e5e25859c681bf067c02120c30c6abb678e634eb955ffd8e663ad844ee0"
    },
    {
      "bytes": 36346,
      "path": "reports/hybrid-adamw/summary_manifest.json",
      "sha256": "46988e7a6ba8fa267da07eba60f08e16571ece3a4dc8034144d07a0ef41244d6"
    },
    {
      "bytes": 6721,
      "path": "reports/mechanism-bridge/summary_manifest.json",
      "sha256": "6fb5970fb8d487eef4619ebcd5ca42ffa6a4dd6297743cc40879cf5f6adf1834"
    },
    {
      "bytes": 10106,
      "path": "reports/outcome-summary.manifest.json",
      "sha256": "aa9301439d164e5273b0af500dfba0e500e44472306336734791ff9f246dc310"
    },
    {
      "bytes": 4584,
      "path": "reports/retrieval-dynamics-dense/summary_manifest.json",
      "sha256": "b1d2a6f07f185f2ce566521ca8e780a48ab57aa067216e78e51faf8a806a8ab9"
    },
    {
      "bytes": 33968,
      "path": "reports/short-branch/summary_manifest.json",
      "sha256": "8faece8a5538e2cd8f5e7fd83c6729255a8005daf5ee85de2dc844942d853a43"
    },
    {
      "bytes": 11469,
      "path": "reports/spectral-transplant/summary_manifest.json",
      "sha256": "4fb46792a45598147ae58c64ebb9145c5b1db8fb02b5cbbda6b38b89668b3374"
    },
    {
      "bytes": 53378,
      "path": "reports/tail-stability/summary_manifest.json",
      "sha256": "8450e0238e2841bb23581948f8575ac0097c5cbfd82bd92f7572a87a3307f475"
    },
    {
      "bytes": 1382,
      "path": "reports/training-dynamics/plot_manifest.json",
      "sha256": "84e0e17780af4df586b6cad3c091a76ae916afe9f442d5d5870877e8fe3f4925"
    },
    {
      "bytes": 18266,
      "path": "reports/training-dynamics/summary_manifest.json",
      "sha256": "033dd06f7de59bfb11eacf345a7469068b8429f3878d4dd7cc81d122880749d5"
    },
    {
      "bytes": 9918,
      "path": "results/common-state-spectra/summary/summary_manifest.json",
      "sha256": "8d3c3fbd6b2113a5228b3e0b77f965284cd2beeccecfcade30671534586bfd65"
    },
    {
      "bytes": 69138,
      "path": "results/representation-space/decontaminated-beir/summary/summary_manifest.json",
      "sha256": "242ca2c8efe0b80744d1babf2475b5912561d7996b8ae1820ba435ca876a1800"
    },
    {
      "bytes": 66243,
      "path": "results/representation-space/training/summary/summary_manifest.json",
      "sha256": "58e47da5b2ab040a939d2daa41fa91f6d56ba59f469465fea1b4a37a4a04c20a"
    }
  ],
  "families": [
    "dense"
  ],
  "figures": {
    "panels": [
      {
        "bytes": 178837,
        "name": "dense_training_dynamics_by_run",
        "path": "reports/dense-discovery/figures/dense-training-dynamics-by-run.png",
        "sha256": "830f4d93a0b54f6a9e5bd6a92aed82b1c5da329be3963bebb1b417f8dcf6b76a"
      },
      {
        "bytes": 91862,
        "name": "dense_lr_sensitivity",
        "path": "reports/dense-discovery/figures/dense-lr-sensitivity.png",
        "sha256": "4c417d01be3a2c26ed4f5bf66ac72c5a8efac83c4cfc3fdfdbe95235c241acea"
      }
    ],
    "source_manifest": {
      "bytes": 6065,
      "path": "reports/dense-discovery/coverage.json",
      "sha256": "b04c8c558127e544a687988333449a07024f87138dcc7b5d51c22fd97d09ba36"
    }
  },
  "headlines": {
    "CommonStateHeadline": "At shared-gradient common states, DenseOn Muon/NorMuon row-CV ratios to AdamW were 2.855/0.711 and their normalized exact stable ranks were 0.5772/0.4153.",
    "ConfirmationHeadline": "The validation-frozen three-seed paired nDCG@10 contrasts were DenseOn: Muon--AdamW -0.0306 [-0.0464, -0.0138] (negative), NorMuon--AdamW -0.0304 [-0.0446, -0.0138] (negative), NorMuon--Muon 0.0002 [-0.0126, 0.0084] (inconclusive).",
    "DiscoveryHeadline": "For AdamW/Muon/NorMuon respectively, DenseOn median final nDCG@10 was 0.5858/0.5901/0.5910, with 2/3/3 of four learning rates reaching the frozen AdamW reference. DenseOn median throughput ratios to AdamW were 1.00x/0.95x/0.93x for AdamW/Muon/NorMuon; Muon-family training was not faster on this stack.",
    "InterventionHeadline": "For AdamW/Muon/NorMuon respectively, DenseOn matched-step margin changes were 0.0009/0.0006/0.0005, final shared-start Muon--AdamW/NorMuon--Muon margin contrasts were 0.0024 (3/0/0)/-0.0007 (1/0/2), and mean hybrid-routing AdamW change was 0.0001. Frozen causal-chain tests: temporal 2/5, primary LOSO relative RMSE gains for loss/margin -0.237277/-0.688154; fixed-state loss/margin/tail/basis support 0/0/0/2 of 10; 84-row spectrum loss/margin RMSE gains -0.000150847/-7.12409e-05 versus matched basis -9.78894e-07/-3.39735e-05; matched decision gaps loss/margin -1.508471e-04/-7.124088e-05; joint result claimable negative. These tests constrain a spectral-component explanation but do not identify formal mediation of full-training BEIR gains.",
    "RepresentationHeadline": "For AdamW/Muon/NorMuon respectively, DenseOn unseen margins were 0.2499/0.2609/0.2611. The descriptive within-run margin-to-BEIR Spearman rho was 0.531 for DenseOn. In the explicitly post-hoc loss diagnostic, the corresponding trailing-training-loss-to-BEIR rho was -0.684."
  },
  "result_tables": [
    {
      "bytes": 1364,
      "path": "paper/generated/discovery.tex",
      "sha256": "bfbe00c9153c9644852b2fa8be650db54d2dffc60ab113446aa0d2dbd1159e8d"
    },
    {
      "bytes": 2429,
      "path": "paper/generated/per-task.tex",
      "sha256": "a66c71ce54af9586819c94f66a368153cef8b0dd871367b37e88c2a925e24c74"
    },
    {
      "bytes": 404,
      "path": "paper/generated/common-state.tex",
      "sha256": "a33a66b903ccd4d6d40f600c2842af7577a87cafd1be9647ad0cb67f8c966f99"
    },
    {
      "bytes": 478,
      "path": "paper/generated/representation.tex",
      "sha256": "76d2183a66ece6e6ea89c0c00918b7c801ccb42d8a4b7ff9632a274792d3cfc7"
    },
    {
      "bytes": 470,
      "path": "paper/generated/intervention.tex",
      "sha256": "ed96c6d71120f9bc66d4d68f27baef9df1031e435ca4f4a0fd81a77163f09dad"
    },
    {
      "bytes": 878,
      "path": "paper/generated/confirmation.tex",
      "sha256": "c979f4d39d5356b5de4e30f0cc22032d8c7ba4e0aae716b76ca6dfce1c4d7f85"
    },
    {
      "bytes": 4145,
      "path": "paper/generated/diagnostics.tex",
      "sha256": "3ff01bfe882153bb087c0726bf4e557bb96e9625305b3a4838f56ff8a4d15da9"
    },
    {
      "bytes": 10928,
      "path": "paper/generated/causal-chain.tex",
      "sha256": "a5b0eef96fe8dfc151f0410a9e9e4910d0e1e6cc17e6e5e516e0b3759c00e885"
    }
  ],
  "results_tex": {
    "bytes": 3691,
    "path": "paper/results.tex",
    "sha256": "17e9ab4effe77ea0a9420737ef5574a1b728dae84309da45233229551c52cfd4"
  },
  "schema_version": 1,
  "scope_amendment": {
    "amended_at_utc": "2026-08-30T20:14:42Z",
    "claim_boundary": "The scope reduction is post hoc and must be disclosed in the paper and blog. Confirmatory optimizer claims are DenseOn-only. Existing LateOn discovery and mechanism artifacts remain available for audit but cannot supply missing controls or be selectively promoted as confirmatory evidence.",
    "path": "configs/dense_scope_amendment.json",
    "sha256": "c271f73988507bd95de96a3914c782de65d3fb118cd8385a14ad6d010bfc12b5",
    "status": "user_directed_post_hoc_scope_amendment"
  },
  "source_tables": [
    {
      "bytes": 19961,
      "path": "reports/retrieval-dynamics/checkpoint_dynamics.csv",
      "sha256": "72c079715d2d79b594d90f623692d56454f150c6facc6ab0692671bd53095bfa"
    },
    {
      "bytes": 1451,
      "path": "reports/retrieval-dynamics/optimizer_first_passage.csv",
      "sha256": "921749b7755ae5c39deed65441163f17651dcef76258ad0b4bd369a039b47d40"
    },
    {
      "bytes": 2298,
      "path": "reports/retrieval-dynamics/best_config_task_comparison.csv",
      "sha256": "f682f702a7be67b1f0473b5e8feffa535402610850fc2e0f2a7fef098da85378"
    },
    {
      "bytes": 2039,
      "path": "reports/retrieval-dynamics/task_delta_stability.csv",
      "sha256": "8ffb8857673b25dd4cb8ee886c489b643ee56a54a7513670b7f1b93def060755"
    },
    {
      "bytes": 1795,
      "path": "reports/training-dynamics/optimizer_system_summary.csv",
      "sha256": "5784f419a5a03b80fb03430bedecfd9ab5ddff07e2d8c933b661a6eb530d9a15"
    },
    {
      "bytes": 16502,
      "path": "reports/dense-retrieval-dynamics/five_stage_retrieval_dynamics.csv",
      "sha256": "66f826875adb470a54aac3852eb84d19d1998674fba6fa1ae0e68deae4cd314e"
    },
    {
      "bytes": 12906,
      "path": "reports/common-state/anchor_contrasts.csv",
      "sha256": "75258e6e16d0fcc6c97b93fe425ee208af928e2dc0269cd57f9bffbfd8227a45"
    },
    {
      "bytes": 1245,
      "path": "reports/basis-sensitivity/summary.csv",
      "sha256": "d05a7d6fb54891d6d8f53e63b5623d34da49f7221f70dd76d5a68fb85c626fa5"
    },
    {
      "bytes": 85946,
      "path": "results/common-state-spectra/summary/spectrum_metrics.csv",
      "sha256": "1b1d41bde4066bb7a51d7e159e27f94f0b91307904a596988cd53c765c8f1588"
    },
    {
      "bytes": 78592,
      "path": "reports/mechanism-bridge/checkpoint_bridge.csv",
      "sha256": "52af9cf0c97fbaa93086e9b5319ea5f875adf5fd03cd3bd3d2276ee71491d586"
    },
    {
      "bytes": 33918,
      "path": "reports/mechanism-bridge/descriptive_correlations.csv",
      "sha256": "1cfd4262e073fa76d556386f0e51ead9d3bac76f1b1fbcbd7695fa798174e3b1"
    },
    {
      "bytes": 7842,
      "path": "reports/functional-intervention/family_summary.csv",
      "sha256": "7cbb66460c8d6022a30b6378f5f07091a030698650dd5cf0ddc88e0a7cae9872"
    },
    {
      "bytes": 482,
      "path": "reports/hybrid-adamw/final_summary.csv",
      "sha256": "a9015195c9c2411b908824ec23eba441b6ed34009dc906f3e09b722da78b5710"
    },
    {
      "bytes": 6103,
      "path": "reports/short-branch/paired_dynamics_summary.csv",
      "sha256": "9b273b6886d63cea12c5fb74bdf7d379011203e5219c16b05db6a03013a56d07"
    },
    {
      "bytes": 998,
      "path": "reports/tail-stability/discovery_cross_tail_summary.csv",
      "sha256": "db15c1ec644acc046d77291507b26c5b59fe64065d8674eede43ffe0d4376eaf"
    },
    {
      "bytes": 876,
      "path": "reports/tail-stability/short_branch_final_summary.csv",
      "sha256": "c6b396d451d9bec569ee6c81edad4cdb108740e1a8ae6d52f00e98f36977af2b"
    },
    {
      "bytes": 1370,
      "path": "reports/spectral-transplant/family_factorial_summary.csv",
      "sha256": "4bfdd08bd3b273f992547f365758128c593ea7485aa4ad15548c5bdf11a05db0"
    },
    {
      "bytes": 6055,
      "path": "reports/spectral-transplant/family_query_tail_summary.csv",
      "sha256": "d651c8e986f0a59486d13ebff4badc37f6e650607201a67223fd888d1c678586"
    },
    {
      "bytes": 1169,
      "path": "reports/confirmatory/paired_summary.csv",
      "sha256": "6bdd0c66acfce093c5661bccab6e8b04779cc4e6d804bdc29e0917cf5142e83a"
    },
    {
      "bytes": 1644,
      "path": "reports/temporal-short-branch/paired_contrasts.csv",
      "sha256": "c6012076baa20be0f5caf530b1ebe749ad2f02b6f28526fe5c0fe47ee10af1b9"
    },
    {
      "bytes": 16059,
      "path": "reports/temporal-short-branch/loso_predictions.csv",
      "sha256": "678d72549011f1f346c5f82a315d5a38e51eb694e0942bdc9e34349c4b4edc60"
    },
    {
      "bytes": 4081,
      "path": "reports/temporal-short-branch/estimates.csv",
      "sha256": "298766768b78d73452edf132643326c99c04b21277b037a84bdf9365940d4fd3"
    },
    {
      "bytes": 3453,
      "path": "reports/dose-band/anchor_tests.csv",
      "sha256": "3cb3657f14afc5779000f3d22c22698a7d3fa7685b6a7f299b18ba181b08fa76"
    },
    {
      "bytes": 20899,
      "path": "reports/dose-band/heldout_predictions.csv",
      "sha256": "27602693778f746ca548a1a05740424a554b6753b250eb208889b57dd653392c"
    }
  ]
}
