{
  "blog_marker_blocks": {
    "dense_retrieval_dynamics": {
      "complete": true,
      "manifest": "/root/embedding-optimizer-study/reports/paper-results.manifest.json",
      "markers": [
        "<!-- DENSE-RETRIEVAL-DYNAMICS:BEGIN -->",
        "<!-- DENSE-RETRIEVAL-DYNAMICS:END -->"
      ]
    },
    "final_conclusion": {
      "complete": true,
      "manifest": "/root/embedding-optimizer-study/reports/outcome-summary.manifest.json",
      "markers": [
        "<!-- FINAL-CONCLUSION:BEGIN -->",
        "<!-- FINAL-CONCLUSION:END -->"
      ]
    },
    "mechanism": {
      "complete": true,
      "manifest": "/root/embedding-optimizer-study/reports/mechanism-summary.manifest.json",
      "markers": [
        "<!-- MECHANISM:BEGIN -->",
        "<!-- MECHANISM:END -->"
      ]
    },
    "outcomes": {
      "complete": true,
      "manifest": "/root/embedding-optimizer-study/reports/outcome-summary.manifest.json",
      "markers": [
        "<!-- OUTCOMES:BEGIN -->",
        "<!-- OUTCOMES:END -->"
      ]
    },
    "results": {
      "complete": true,
      "manifest": "/root/embedding-optimizer-study/reports/dense-discovery/coverage.json",
      "markers": [
        "<!-- RESULTS:BEGIN -->",
        "<!-- RESULTS:END -->"
      ]
    },
    "systems": {
      "complete": true,
      "manifest": "/root/embedding-optimizer-study/reports/dense-discovery/coverage.json",
      "markers": [
        "<!-- SYSTEMS:BEGIN -->",
        "<!-- SYSTEMS:END -->"
      ]
    },
    "task_delta_stability": {
      "complete": true,
      "manifest": "/root/embedding-optimizer-study/reports/retrieval-dynamics-dense/summary_manifest.json",
      "markers": [
        "<!-- TASK-DELTA-STABILITY:BEGIN -->",
        "<!-- TASK-DELTA-STABILITY:END -->"
      ]
    }
  },
  "causal_chain": {
    "dose_band": {
      "claim_boundary": "The transplant randomizes spectral components at fixed weights and can identify immediate functional effects. Its task-aligned forward prediction is out-of-run evidence for a causal-chain bridge, but it is not a trained spectral-operator intervention and cannot by itself identify formal mediation of final BEIR gains.",
      "claimable": true,
      "complete": true,
      "path": "/root/embedding-optimizer-study/reports/dose-band/summary_manifest.json",
      "sha256": "a0424e8562b9eeb64892510bb18b3ce5a3684ce30e32bc5eaf4d5b010b11c9e6",
      "status": "negative",
      "supported": false
    },
    "temporal_short_branch": {
      "claim_boundary": "The shared-start randomization identifies optimizer-level accumulated effects. The post-treatment spectral predictor analysis is a small-sample, falsifiable causal-chain triangulation, not a formally identified causal mediation estimate.",
      "claimable": true,
      "complete": true,
      "path": "/root/embedding-optimizer-study/reports/temporal-short-branch/summary_manifest.json",
      "sha256": "a9983f246b7315e343b9aad7a7e09240d0ffd99b776428fe5248b58225b8da4a",
      "status": "negative",
      "supported": false
    }
  },
  "claim_protocol": {
    "amendments": [
      {
        "amended_at": "2026-08-26T19:51:44Z",
        "complete_retrieval_matrix_visible": false,
        "confirmatory_output_visible": false,
        "formal_common_state_output_visible": false,
        "formal_functional_intervention_output_visible": false,
        "formal_representation_output_visible": false,
        "headline_contract_changed": false,
        "hybrid_adamw_output_visible": false,
        "previous_source_sha256": "2d61c1c1a150269986dbc41786f5b10c7304b45d23148278959ef3d75b72c888",
        "reason": "Correct the bound paper plan to state that the completed 120-checkpoint trajectory tier used sketch-rank 0 and that exact spectra are reserved for the frozen common-state subset; no result-selection or interpretation rule changed.",
        "result_contingent_story_map_changed": false,
        "scope": "documentation_only_weight_spectrum_tier_correction",
        "short_branch_output_visible": false,
        "strict_beir_expected_units": 1680,
        "strict_beir_valid_units": 196,
        "updated_source_sha256": "adf12c547e4c337a5acb94657b7f6c4207da550c9f2f46ea3ea5098f3e418ce4"
      },
      {
        "amended_at": "2026-08-27T05:54:04Z",
        "complete_retrieval_matrix_visible": false,
        "confirmatory_output_visible": false,
        "formal_common_state_output_visible": false,
        "formal_functional_intervention_output_visible": false,
        "formal_representation_output_visible": false,
        "headline_contract_changed": true,
        "hybrid_adamw_output_visible": false,
        "previous_source_sha256": "adf12c547e4c337a5acb94657b7f6c4207da550c9f2f46ea3ea5098f3e418ce4",
        "reason": "Correct the bound paper plan to match the retained aggregate MTEB evidence, which supports seed-by-task but not query-level inference, and prospectively fix Bonferroni familywise intervals over all six prespecified contrasts before any confirmatory output exists.",
        "result_contingent_story_map_changed": false,
        "scope": "prospective_confirmatory_inference_correction",
        "short_branch_output_visible": false,
        "strict_beir_expected_units": 1680,
        "strict_beir_valid_units": 322,
        "updated_source_sha256": "f77c22170144adcab3364f9e19167984727ba6edf8899dcf421158ef0588cdf0"
      },
      {
        "amended_at": "2026-08-27T06:37:30Z",
        "complete_retrieval_matrix_visible": false,
        "confirmatory_output_visible": false,
        "formal_basis_output_visible": false,
        "formal_common_state_output_visible": false,
        "formal_functional_intervention_output_visible": false,
        "formal_representation_output_visible": false,
        "headline_contract_changed": false,
        "hybrid_adamw_output_visible": false,
        "previous_source_sha256": "f77c22170144adcab3364f9e19167984727ba6edf8899dcf421158ef0588cdf0",
        "reason": "Correct the bound paper plan so the attention basis diagnostic uses only split-half SO(2) rotations that commute with ModernBERT RoPE, bind the exact prospective diagnostic protocol, and reject the invalid claim that arbitrary orthogonal head rotations preserve post-RoPE logits.",
        "result_contingent_story_map_changed": false,
        "scope": "prospective_rope_basis_symmetry_correction",
        "short_branch_output_visible": false,
        "strict_beir_expected_units": 1680,
        "strict_beir_valid_units": 340,
        "updated_source_sha256": "3296f4882f1a68e96a0ee4a1608bc47155b776d5078dc40d6cfb654e096cc0c3"
      }
    ],
    "bytes": 10889,
    "frozen_at": "2026-08-26T17:49:04Z",
    "path": "/root/embedding-optimizer-study/configs/paper_claim_protocol.json",
    "sha256": "0ddff916eccedbe493b41a07538d0e4e9e058a784f5440e10d688f5270609949",
    "source_bindings": [
      {
        "bytes": 2624,
        "path": "/root/embedding-optimizer-study/configs/experiment.yaml",
        "sha256": "c09c7b458e0ff4beb5625e6ebd09af27d732c77d3810e822c1b8970fb251fb8e"
      },
      {
        "bytes": 2433,
        "path": "/root/embedding-optimizer-study/configs/common_state_probe.json",
        "sha256": "ac0661b1077c5413b282adc5d491a5b26343a2ba499cc4b16cb452f595160c60"
      },
      {
        "bytes": 2011,
        "path": "/root/embedding-optimizer-study/configs/common_state_spectrum_probe.json",
        "sha256": "a8d99735de5d7faea52355f27b5c70edb595165a74d05cf118652970cc807e0f"
      },
      {
        "bytes": 867,
        "path": "/root/embedding-optimizer-study/configs/representation_probe.json",
        "sha256": "45e76c8daa5bda0213c346b39200a34ddc1e9295f37198a2bd238276ee6057e2"
      },
      {
        "bytes": 5737,
        "path": "/root/embedding-optimizer-study/configs/beir_representation_probe.json",
        "sha256": "474aa62282ab200ebb522bc6897db9f2077dd39f627322ea476392b988f71f50"
      },
      {
        "bytes": 2651,
        "path": "/root/embedding-optimizer-study/configs/functional_intervention.json",
        "sha256": "8f8a478bede92f9b2e1999b5491a3983cc244fad90ec5321b6d8914a2f633bab"
      },
      {
        "bytes": 2012,
        "path": "/root/embedding-optimizer-study/configs/hybrid_adamw_control.json",
        "sha256": "24838ba1f8015d1e4198b1a5192daedf9b1c3cdeaceedf8858e72c406454b270"
      },
      {
        "bytes": 3103,
        "path": "/root/embedding-optimizer-study/configs/short_branch_protocol.json",
        "sha256": "d3dc498f5e952d09d1423a53dc36499b638366d23e3876bb81aadb7e88369bec"
      },
      {
        "bytes": 2570,
        "path": "/root/embedding-optimizer-study/configs/confirmatory_protocol.json",
        "sha256": "f512e98ec07635c82ce9af6b6c8ed745146c4dc34379efb78b583b33bf53e550"
      },
      {
        "bytes": 2995,
        "path": "/root/embedding-optimizer-study/configs/basis_sensitivity.json",
        "sha256": "b5cb7f7117f6af775948e7d5da23ea368ea8100f9d01edb87ef98643a9af5e58"
      },
      {
        "bytes": 56814,
        "path": "/root/embedding-optimizer-study/docs/naacl-paper-plan.md",
        "sha256": "3296f4882f1a68e96a0ee4a1608bc47155b776d5078dc40d6cfb654e096cc0c3"
      }
    ],
    "status": "prospective_completion_lock"
  },
  "complete": true,
  "constant_macros": {
    "ContextLength": "8{,}192",
    "DisplacementRatioRange": "0.9956--1.0039",
    "MuonFamilyStateRatioRange": "0.6299--0.6304",
    "MuonFamilyThroughputRatioRange": "0.9348--0.9489",
    "NumBEIRTasks": "14",
    "NumDiscoveryCheckpoints": "60",
    "NumDiscoveryRuns": "12",
    "NumDiscoveryUnits": "840",
    "NumHardNegatives": "7",
    "NumTrainingQueries": "500{,}000",
    "NumWeightPairs": "20",
    "RowCVRatioRange": "0.1721--0.4534",
    "TopRowEnergyRatioRange": "0.5851--0.7252"
  },
  "constant_sources": {
    "dataset_contract": {
      "path": "/root/embedding-optimizer-study/configs/training_data_contract.json",
      "sha256": "ed8facc6fdea0af7b7786f86d816196e363ec42924783c3d2fd77cc22caa0b57"
    },
    "dataset_manifest": {
      "local_byte_verification": true,
      "path": "/root/embedding-optimizer-study/data/denseon-sft-500k-seed42/manifest.json",
      "sha256": "9facc18bcd1cad8378cea94746a95ab09804bdf3610796bf9013cdfcc486aee8"
    },
    "matrix": {
      "path": "/root/embedding-optimizer-study/configs/experiment.yaml",
      "sha256": "c09c7b458e0ff4beb5625e6ebd09af27d732c77d3810e822c1b8970fb251fb8e"
    },
    "scope_amendment": {
      "amended_at_utc": "2026-08-30T20:14:42Z",
      "claim_boundary": "The scope reduction is post hoc and must be disclosed in the paper and blog. Confirmatory optimizer claims are DenseOn-only. Existing LateOn discovery and mechanism artifacts remain available for audit but cannot supply missing controls or be selectively promoted as confirmatory evidence.",
      "path": "configs/dense_scope_amendment.json",
      "sha256": "c271f73988507bd95de96a3914c782de65d3fb118cd8385a14ad6d010bfc12b5",
      "status": "user_directed_post_hoc_scope_amendment"
    },
    "training_manifest": {
      "path": "/root/embedding-optimizer-study/reports/training-dynamics/summary_manifest.json",
      "sha256": "033dd06f7de59bfb11eacf345a7469068b8429f3878d4dd7cc81d122880749d5"
    },
    "weight_manifest": {
      "path": "/root/embedding-optimizer-study/reports/weight-space/summary_manifest.json",
      "sha256": "faf71a73f2f21a22cff471b436654ec9fdda9cc95aef9a416186d1eb8243d6a9"
    }
  },
  "document_language_problems": [],
  "evidence": {
    "CommonStateHeadline": [
      {
        "complete": true,
        "path": "/root/embedding-optimizer-study/reports/common-state/summary_manifest.json",
        "sha256": "d4bea7b45cf5b985b46eb72fea724dff400a92a9a6301e7a8bdf1689bb1218b1"
      },
      {
        "complete": true,
        "path": "/root/embedding-optimizer-study/results/common-state-spectra/summary/summary_manifest.json",
        "sha256": "8d3c3fbd6b2113a5228b3e0b77f965284cd2beeccecfcade30671534586bfd65"
      },
      {
        "complete": true,
        "path": "/root/embedding-optimizer-study/reports/basis-sensitivity/summary_manifest.json",
        "sha256": "236f7bd9f810c9507bc8bb8cf33b14362fc143e54f0b2ca55e6811743e067e2d"
      }
    ],
    "ConfirmationHeadline": [
      {
        "complete": true,
        "path": "/root/embedding-optimizer-study/reports/confirmatory/summary_manifest.json",
        "sha256": "7a1c05eba176f82ba8732159dc330b8d8b62f67075ab82c5ffb88be6caf3915d"
      },
      {
        "complete": true,
        "path": "/root/embedding-optimizer-study/reports/outcome-summary.manifest.json",
        "sha256": "aa9301439d164e5273b0af500dfba0e500e44472306336734791ff9f246dc310"
      }
    ],
    "DiscoveryHeadline": [
      {
        "complete": true,
        "path": "/root/embedding-optimizer-study/reports/dense-discovery/coverage.json",
        "sha256": "b04c8c558127e544a687988333449a07024f87138dcc7b5d51c22fd97d09ba36"
      },
      {
        "complete": true,
        "path": "/root/embedding-optimizer-study/reports/training-dynamics/summary_manifest.json",
        "sha256": "033dd06f7de59bfb11eacf345a7469068b8429f3878d4dd7cc81d122880749d5"
      },
      {
        "complete": true,
        "path": "/root/embedding-optimizer-study/reports/training-dynamics/plot_manifest.json",
        "sha256": "84e0e17780af4df586b6cad3c091a76ae916afe9f442d5d5870877e8fe3f4925"
      },
      {
        "complete": true,
        "path": "/root/embedding-optimizer-study/reports/retrieval-dynamics-dense/summary_manifest.json",
        "sha256": "b1d2a6f07f185f2ce566521ca8e780a48ab57aa067216e78e51faf8a806a8ab9"
      },
      {
        "complete": true,
        "path": "/root/embedding-optimizer-study/reports/dense-retrieval-dynamics/summary_manifest.json",
        "sha256": "6f5d369263af719997161d76b0f8fbd0b6f940a6ee2e87393ed8f83d27d28e4d"
      }
    ],
    "InterventionHeadline": [
      {
        "complete": true,
        "path": "/root/embedding-optimizer-study/reports/functional-intervention/manifest.json",
        "sha256": "34665e5e25859c681bf067c02120c30c6abb678e634eb955ffd8e663ad844ee0"
      },
      {
        "complete": true,
        "path": "/root/embedding-optimizer-study/reports/hybrid-adamw/summary_manifest.json",
        "sha256": "46988e7a6ba8fa267da07eba60f08e16571ece3a4dc8034144d07a0ef41244d6"
      },
      {
        "complete": true,
        "path": "/root/embedding-optimizer-study/reports/short-branch/summary_manifest.json",
        "sha256": "8faece8a5538e2cd8f5e7fd83c6729255a8005daf5ee85de2dc844942d853a43"
      },
      {
        "complete": true,
        "path": "/root/embedding-optimizer-study/reports/tail-stability/summary_manifest.json",
        "sha256": "8450e0238e2841bb23581948f8575ac0097c5cbfd82bd92f7572a87a3307f475"
      },
      {
        "complete": true,
        "path": "/root/embedding-optimizer-study/reports/spectral-transplant/summary_manifest.json",
        "sha256": "4fb46792a45598147ae58c64ebb9145c5b1db8fb02b5cbbda6b38b89668b3374"
      },
      {
        "complete": true,
        "path": "/root/embedding-optimizer-study/reports/outcome-summary.manifest.json",
        "sha256": "aa9301439d164e5273b0af500dfba0e500e44472306336734791ff9f246dc310"
      }
    ],
    "RepresentationHeadline": [
      {
        "complete": true,
        "path": "/root/embedding-optimizer-study/results/representation-space/training/summary/summary_manifest.json",
        "sha256": "58e47da5b2ab040a939d2daa41fa91f6d56ba59f469465fea1b4a37a4a04c20a"
      },
      {
        "complete": true,
        "path": "/root/embedding-optimizer-study/results/representation-space/decontaminated-beir/summary/summary_manifest.json",
        "sha256": "242ca2c8efe0b80744d1babf2475b5912561d7996b8ae1820ba435ca876a1800"
      },
      {
        "complete": true,
        "path": "/root/embedding-optimizer-study/reports/mechanism-bridge/summary_manifest.json",
        "sha256": "6fb5970fb8d487eef4619ebcd5ca42ffa6a4dd6297743cc40879cf5f6adf1834"
      }
    ]
  },
  "evidence_mode": {
    "checkpoint_tree_present": true,
    "mode": "checkpoint-backed-full-source"
  },
  "families": [
    "dense"
  ],
  "incomplete_blog_marker_blocks": [],
  "incomplete_evidence": [],
  "paper_dir": "/root/embedding-optimizer-study/paper",
  "paper_results": {
    "complete": true,
    "path": "/root/embedding-optimizer-study/reports/paper-results.manifest.json",
    "sha256": "db218300620997a5a2672bf63fa86487e365efeb37311ede976c97a496625997"
  },
  "pending_headlines": [],
  "results_path": "/root/embedding-optimizer-study/paper/results.tex",
  "schema_version": 1,
  "scope_amendment": {
    "amended_at_utc": "2026-08-30T20:14:42Z",
    "claim_boundary": "The scope reduction is post hoc and must be disclosed in the paper and blog. Confirmatory optimizer claims are DenseOn-only. Existing LateOn discovery and mechanism artifacts remain available for audit but cannot supply missing controls or be selectively promoted as confirmatory evidence.",
    "path": "configs/dense_scope_amendment.json",
    "sha256": "c271f73988507bd95de96a3914c782de65d3fb118cd8385a14ad6d010bfc12b5",
    "status": "user_directed_post_hoc_scope_amendment"
  },
  "strict": true
}
