{
  "complete": true,
  "declared_console_scripts": 73,
  "declared_data_files": 135,
  "package_modules": 96,
  "problems": [],
  "project": "embedding-optimizer-study",
  "repository_only_provenance_config_references": [
    "configs/generated/confirmatory/manifest.json",
    "configs/generated/short-branch/manifest.json"
  ],
  "runtime_config_references": 28,
  "schema_version": 1,
  "sdist": {
    "bytes": 2119967,
    "path": "/root/embedding-optimizer-study/dist/embedding_optimizer_study-0.1.0.tar.gz",
    "sha256": "71832283c3866ba084776ee73eb987dd9e1b38cb9bab9bc854767818b51a0f41"
  },
  "transitive_executable_config_references": 20,
  "version": "0.1.0",
  "wheel": {
    "bytes": 2044741,
    "path": "/root/embedding-optimizer-study/dist/embedding_optimizer_study-0.1.0-py3-none-any.whl",
    "sha256": "d7f1e9783e0e6b3def1b3e748dbac470b78f3210c0b410526c5ab2de27a46594"
  }
}
