{
  "complete": true,
  "declared_console_scripts": 104,
  "declared_data_files": 215,
  "package_modules": 210,
  "problems": [],
  "project": "embedding-optimizer-study",
  "repository_only_provenance_config_references": [
    "configs/dense_no_packing_state_operator_handoff_repairs_amendment.json",
    "configs/dense_no_packing_state_operator_main_recovery_amendment.json",
    "configs/dense_no_packing_state_operator_parent_publication_amendment.json",
    "configs/generated/confirmatory/manifest.json",
    "configs/generated/short-branch/manifest.json"
  ],
  "runtime_config_references": 64,
  "schema_version": 1,
  "sdist": {
    "bytes": 2874791,
    "path": "/tmp/dense-v3-portable-factorial.KUvkU0gR/dist-corrected/embedding_optimizer_study-0.1.0.tar.gz",
    "sha256": "6b3737d62cb348a137e92f1b5d61ddd21d818f4f804407038a09664e57f97e80"
  },
  "transitive_executable_config_references": 50,
  "version": "0.1.0",
  "wheel": {
    "bytes": 2778423,
    "path": "/tmp/dense-v3-portable-factorial.KUvkU0gR/dist-corrected/embedding_optimizer_study-0.1.0-py3-none-any.whl",
    "sha256": "657cafe7ca85587f979b0ea900e214f8959a853aa0650fdc8f745ea69fdf3d3b"
  }
}
