Optimizer parameter partition: {"aux_decay": {"parameters": 38682624, "tensors": 1}, "aux_no_decay": {"parameters": 34560, "tensors": 45}, "hidden": {"parameters": 110297088, "tensors": 88}}
{'loss': '0.04176', 'grad_norm': '6.872', 'learning_rate': '0', 'epoch': '0.4444'}
{'train_runtime': '19.92', 'train_samples_per_second': '19.28', 'train_steps_per_second': '0.151', 'train_loss': '0.03597', 'epoch': '1'}
Optimizer parameter partition: {"aux_decay": {"parameters": 38682624, "tensors": 1}, "aux_no_decay": {"parameters": 34560, "tensors": 45}, "hidden": {"parameters": 110297088, "tensors": 88}}
{'train_runtime': '12.98', 'train_samples_per_second': '29.59', 'train_steps_per_second': '0.231', 'train_loss': '0.02205', 'epoch': '1'}
{"run_id": "verified-adamw-3e-5", "resume_step": 1, "strict_bitwise_replay_all_ranks": true}
Optimizer parameter partition: {"aux_decay": {"parameters": 38682624, "tensors": 1}, "aux_no_decay": {"parameters": 34560, "tensors": 45}, "hidden": {"parameters": 110297088, "tensors": 88}}
{'train_runtime': '5.482', 'train_samples_per_second': '70.04', 'train_steps_per_second': '0.547', 'train_loss': '1.212e-06', 'epoch': '1'}
{"run_id": "verified-adamw-3e-5", "resume_step": 2, "strict_bitwise_replay_all_ranks": true}
Optimizer parameter partition: {"aux_decay": {"parameters": 38682624, "tensors": 1}, "aux_no_decay": {"parameters": 34560, "tensors": 45}, "hidden": {"parameters": 110297088, "tensors": 88}}
{'loss': '0.04176', 'grad_norm': '6.872', 'learning_rate': '0', 'epoch': '0.4444'}
{'train_runtime': '18.34', 'train_samples_per_second': '20.93', 'train_steps_per_second': '0.164', 'train_loss': '0.04588', 'epoch': '1'}
Optimizer parameter partition: {"aux_decay": {"parameters": 38682624, "tensors": 1}, "aux_no_decay": {"parameters": 34560, "tensors": 45}, "hidden": {"parameters": 110297088, "tensors": 88}}
{'train_runtime': '12.04', 'train_samples_per_second': '31.88', 'train_steps_per_second': '0.249', 'train_loss': '0.03196', 'epoch': '1'}
{"run_id": "verified-muon-3e-4", "resume_step": 1, "strict_bitwise_replay_all_ranks": true}
Optimizer parameter partition: {"aux_decay": {"parameters": 38682624, "tensors": 1}, "aux_no_decay": {"parameters": 34560, "tensors": 45}, "hidden": {"parameters": 110297088, "tensors": 88}}
{'train_runtime': '5.173', 'train_samples_per_second': '74.23', 'train_steps_per_second': '0.58', 'train_loss': '0.009908', 'epoch': '1'}
{"run_id": "verified-muon-3e-4", "resume_step": 2, "strict_bitwise_replay_all_ranks": true}
Optimizer parameter partition: {"aux_decay": {"parameters": 38682624, "tensors": 1}, "aux_no_decay": {"parameters": 34560, "tensors": 45}, "hidden": {"parameters": 110297088, "tensors": 88}}
{'loss': '0.04176', 'grad_norm': '6.872', 'learning_rate': '0', 'epoch': '0.4444'}
{'train_runtime': '20.05', 'train_samples_per_second': '19.15', 'train_steps_per_second': '0.15', 'train_loss': '0.04715', 'epoch': '1'}
Optimizer parameter partition: {"aux_decay": {"parameters": 38682624, "tensors": 1}, "aux_no_decay": {"parameters": 34560, "tensors": 45}, "hidden": {"parameters": 110297088, "tensors": 88}}
{'train_runtime': '12.6', 'train_samples_per_second': '30.48', 'train_steps_per_second': '0.238', 'train_loss': '0.03323', 'epoch': '1'}
{"run_id": "verified-normuon-3e-4", "resume_step": 1, "strict_bitwise_replay_all_ranks": true}
Optimizer parameter partition: {"aux_decay": {"parameters": 38682624, "tensors": 1}, "aux_no_decay": {"parameters": 34560, "tensors": 45}, "hidden": {"parameters": 110297088, "tensors": 88}}
{'train_runtime': '5.14', 'train_samples_per_second': '74.7', 'train_steps_per_second': '0.584', 'train_loss': '0.01118', 'epoch': '1'}
{"run_id": "verified-normuon-3e-4", "resume_step": 2, "strict_bitwise_replay_all_ranks": true}
